PB crc32 crc32 /home/ise/ISE_146/ethernet/ethernet_mac/crc32.vhd sub00/vhpl08 1761561933
PH miim_types NULL /home/ise/ISE_146/ethernet/ethernet_mac/miim_types.vhd sub00/vhpl04 1761561930
PB utility utility /home/ise/ISE_146/ethernet/ethernet_mac/utility.vhd sub00/vhpl01 1761561926
PH crc NULL /home/ise/ISE_146/ethernet/ethernet_mac/crc.vhd sub00/vhpl02 1761561927
EN framing NULL /home/ise/ISE_146/ethernet/ethernet_mac/framing.vhd sub00/vhpl25 1761561944
AR framing rtl /home/ise/ISE_146/ethernet/ethernet_mac/framing.vhd sub00/vhpl26 1761561945
PH ethernet_types NULL /home/ise/ISE_146/ethernet/ethernet_mac/ethernet_types.vhd sub00/vhpl06 1761561929
PB framing_common framing_common /home/ise/ISE_146/ethernet/ethernet_mac/framing_common.vhd sub00/vhpl14 1761561937
PH miim_registers NULL /home/ise/ISE_146/ethernet/ethernet_mac/miim_registers.vhd sub00/vhpl11 1761561934
AR mii_gmii_io simple /home/ise/ISE_146/ethernet/mii_gmii_io_simple.vhd sub00/vhpl16 1761561951
EN miim NULL /home/ise/ISE_146/ethernet/ethernet_mac/miim.vhd sub00/vhpl23 1761561946
AR miim rtl /home/ise/ISE_146/ethernet/ethernet_mac/miim.vhd sub00/vhpl24 1761561947
AR ethernet rtl /home/ise/ISE_146/ethernet/ethernet_mac/ethernet.vhd sub00/vhpl28 1761561953
EN ethernet NULL /home/ise/ISE_146/ethernet/ethernet_mac/ethernet.vhd sub00/vhpl27 1761561952
EN single_signal_synchronizer NULL /home/ise/ISE_146/ethernet/ethernet_mac/single_signal_synchronizer.vhd sub00/vhpl09 1761561940
PH utility NULL /home/ise/ISE_146/ethernet/ethernet_mac/utility.vhd sub00/vhpl00 1761561925
PH framing_common NULL /home/ise/ISE_146/ethernet/ethernet_mac/framing_common.vhd sub00/vhpl13 1761561936
AR reset_generator rtl /home/ise/ISE_146/ethernet/ethernet_mac/reset_generator.vhd sub00/vhpl18 1761561939
PB crc crc /home/ise/ISE_146/ethernet/ethernet_mac/crc.vhd sub00/vhpl03 1761561928
EN miim_control NULL /home/ise/ISE_146/ethernet/ethernet_mac/miim_control.vhd sub00/vhpl21 1761561948
PB miim_types miim_types /home/ise/ISE_146/ethernet/ethernet_mac/miim_types.vhd sub00/vhpl05 1761561931
PB miim_registers miim_registers /home/ise/ISE_146/ethernet/ethernet_mac/miim_registers.vhd sub00/vhpl12 1761561935
AR mii_gmii rtl /home/ise/ISE_146/ethernet/ethernet_mac/mii_gmii.vhd sub00/vhpl20 1761561942
PH crc32 NULL /home/ise/ISE_146/ethernet/ethernet_mac/crc32.vhd sub00/vhpl07 1761561932
AR miim_control rtl /home/ise/ISE_146/ethernet/ethernet_mac/miim_control.vhd sub00/vhpl22 1761561949
AR single_signal_synchronizer simple /home/ise/ISE_146/ethernet/single_signal_synchronizer_simple.vhd sub00/vhpl15 1761561950
EN mii_gmii_io NULL /home/ise/ISE_146/ethernet/ethernet_mac/mii_gmii_io.vhd sub00/vhpl10 1761561943
EN mii_gmii NULL /home/ise/ISE_146/ethernet/ethernet_mac/mii_gmii.vhd sub00/vhpl19 1761561941
EN reset_generator NULL /home/ise/ISE_146/ethernet/ethernet_mac/reset_generator.vhd sub00/vhpl17 1761561938
