PB crc32 crc32 /home/ise/ISE_146/ethernet/ethernet_mac/crc32.vhd sub00/vhpl08 1761510804
PH miim_types NULL /home/ise/ISE_146/ethernet/ethernet_mac/miim_types.vhd sub00/vhpl04 1761510801
PB utility utility /home/ise/ISE_146/ethernet/ethernet_mac/utility.vhd sub00/vhpl01 1761510797
PH crc NULL /home/ise/ISE_146/ethernet/ethernet_mac/crc.vhd sub00/vhpl02 1761510798
EN framing NULL /home/ise/ISE_146/ethernet/ethernet_mac/framing.vhd sub00/vhpl25 1761510815
AR framing rtl /home/ise/ISE_146/ethernet/ethernet_mac/framing.vhd sub00/vhpl26 1761510816
PH ethernet_types NULL /home/ise/ISE_146/ethernet/ethernet_mac/ethernet_types.vhd sub00/vhpl06 1761510800
PB framing_common framing_common /home/ise/ISE_146/ethernet/ethernet_mac/framing_common.vhd sub00/vhpl14 1761510808
PH miim_registers NULL /home/ise/ISE_146/ethernet/ethernet_mac/miim_registers.vhd sub00/vhpl11 1761510805
AR mii_gmii_io simple /home/ise/ISE_146/ethernet/mii_gmii_io_simple.vhd sub00/vhpl16 1761510822
EN miim NULL /home/ise/ISE_146/ethernet/ethernet_mac/miim.vhd sub00/vhpl23 1761510817
AR miim rtl /home/ise/ISE_146/ethernet/ethernet_mac/miim.vhd sub00/vhpl24 1761510818
AR ethernet rtl /home/ise/ISE_146/ethernet/ethernet_mac/ethernet.vhd sub00/vhpl28 1761510824
EN ethernet NULL /home/ise/ISE_146/ethernet/ethernet_mac/ethernet.vhd sub00/vhpl27 1761510823
EN single_signal_synchronizer NULL /home/ise/ISE_146/ethernet/ethernet_mac/single_signal_synchronizer.vhd sub00/vhpl09 1761510811
PH utility NULL /home/ise/ISE_146/ethernet/ethernet_mac/utility.vhd sub00/vhpl00 1761510796
PH framing_common NULL /home/ise/ISE_146/ethernet/ethernet_mac/framing_common.vhd sub00/vhpl13 1761510807
AR reset_generator rtl /home/ise/ISE_146/ethernet/ethernet_mac/reset_generator.vhd sub00/vhpl18 1761510810
PB crc crc /home/ise/ISE_146/ethernet/ethernet_mac/crc.vhd sub00/vhpl03 1761510799
EN miim_control NULL /home/ise/ISE_146/ethernet/ethernet_mac/miim_control.vhd sub00/vhpl21 1761510819
PB miim_types miim_types /home/ise/ISE_146/ethernet/ethernet_mac/miim_types.vhd sub00/vhpl05 1761510802
PB miim_registers miim_registers /home/ise/ISE_146/ethernet/ethernet_mac/miim_registers.vhd sub00/vhpl12 1761510806
AR mii_gmii rtl /home/ise/ISE_146/ethernet/ethernet_mac/mii_gmii.vhd sub00/vhpl20 1761510813
PH crc32 NULL /home/ise/ISE_146/ethernet/ethernet_mac/crc32.vhd sub00/vhpl07 1761510803
AR miim_control rtl /home/ise/ISE_146/ethernet/ethernet_mac/miim_control.vhd sub00/vhpl22 1761510820
AR single_signal_synchronizer simple /home/ise/ISE_146/ethernet/single_signal_synchronizer_simple.vhd sub00/vhpl15 1761510821
EN mii_gmii_io NULL /home/ise/ISE_146/ethernet/ethernet_mac/mii_gmii_io.vhd sub00/vhpl10 1761510814
EN mii_gmii NULL /home/ise/ISE_146/ethernet/ethernet_mac/mii_gmii.vhd sub00/vhpl19 1761510812
EN reset_generator NULL /home/ise/ISE_146/ethernet/ethernet_mac/reset_generator.vhd sub00/vhpl17 1761510809
