PB crc32 crc32 /home/ise/ISE_146/ethernet/ethernet_mac/crc32.vhd sub00/vhpl08 1765689498
PH miim_types NULL /home/ise/ISE_146/ethernet/ethernet_mac/miim_types.vhd sub00/vhpl05 1765689495
PB utility utility /home/ise/ISE_146/ethernet/ethernet_mac/utility.vhd sub00/vhpl01 1765689491
PH crc NULL /home/ise/ISE_146/ethernet/ethernet_mac/crc.vhd sub00/vhpl02 1765689492
EN framing NULL /home/ise/ISE_146/ethernet/ethernet_mac/framing.vhd sub00/vhpl19 1765689509
AR framing rtl /home/ise/ISE_146/ethernet/ethernet_mac/framing.vhd sub00/vhpl20 1765689510
PH ethernet_types NULL /home/ise/ISE_146/ethernet/ethernet_mac/ethernet_types.vhd sub00/vhpl04 1765689494
PB framing_common framing_common /home/ise/ISE_146/ethernet/ethernet_mac/framing_common.vhd sub00/vhpl12 1765689502
PH miim_registers NULL /home/ise/ISE_146/ethernet/ethernet_mac/miim_registers.vhd sub00/vhpl09 1765689499
AR mii_gmii_io simple /home/ise/ISE_146/ethernet/mii_gmii_io_simple.vhd sub00/vhpl26 1765689524
EN miim NULL /home/ise/ISE_146/ethernet/ethernet_mac/miim.vhd sub00/vhpl21 1765689511
AR miim rtl /home/ise/ISE_146/ethernet/ethernet_mac/miim.vhd sub00/vhpl22 1765689512
AR ethernet rtl /home/ise/ISE_146/ethernet/ethernet_mac/ethernet.vhd sub00/vhpl28 1765689526
EN ethernet NULL /home/ise/ISE_146/ethernet/ethernet_mac/ethernet.vhd sub00/vhpl27 1765689525
EN single_signal_synchronizer NULL /home/ise/ISE_146/ethernet/ethernet_mac/single_signal_synchronizer.vhd sub00/vhpl15 1765689505
PH utility NULL /home/ise/ISE_146/ethernet/ethernet_mac/utility.vhd sub00/vhpl00 1765689490
PH framing_common NULL /home/ise/ISE_146/ethernet/ethernet_mac/framing_common.vhd sub00/vhpl11 1765689501
AR reset_generator rtl /home/ise/ISE_146/ethernet/ethernet_mac/reset_generator.vhd sub00/vhpl14 1765689504
PB crc crc /home/ise/ISE_146/ethernet/ethernet_mac/crc.vhd sub00/vhpl03 1765689493
EN miim_control NULL /home/ise/ISE_146/ethernet/ethernet_mac/miim_control.vhd sub00/vhpl23 1765689513
PB miim_types miim_types /home/ise/ISE_146/ethernet/ethernet_mac/miim_types.vhd sub00/vhpl06 1765689496
PB miim_registers miim_registers /home/ise/ISE_146/ethernet/ethernet_mac/miim_registers.vhd sub00/vhpl10 1765689500
AR mii_gmii rtl /home/ise/ISE_146/ethernet/ethernet_mac/mii_gmii.vhd sub00/vhpl17 1765689507
PH crc32 NULL /home/ise/ISE_146/ethernet/ethernet_mac/crc32.vhd sub00/vhpl07 1765689497
AR miim_control rtl /home/ise/ISE_146/ethernet/ethernet_mac/miim_control.vhd sub00/vhpl24 1765689514
AR single_signal_synchronizer simple /home/ise/ISE_146/ethernet/single_signal_synchronizer_simple.vhd sub00/vhpl25 1765689523
EN mii_gmii_io NULL /home/ise/ISE_146/ethernet/ethernet_mac/mii_gmii_io.vhd sub00/vhpl18 1765689508
EN mii_gmii NULL /home/ise/ISE_146/ethernet/ethernet_mac/mii_gmii.vhd sub00/vhpl16 1765689506
EN reset_generator NULL /home/ise/ISE_146/ethernet/ethernet_mac/reset_generator.vhd sub00/vhpl13 1765689503
