V3 54
FL /home/ise/ISE_146/ethernet/ethernet_mac/crc.vhd 2025/10/26.16:39:25 P.20131013
PH ethernet_mac/crc 1761510798 FL /home/ise/ISE_146/ethernet/ethernet_mac/crc.vhd \
      PB ieee/std_logic_1164 1381692176 PB ieee/NUMERIC_STD 1381692181 \
      PB ethernet_mac/utility 1761510797
PB ethernet_mac/crc 1761510799 \
      FL /home/ise/ISE_146/ethernet/ethernet_mac/crc.vhd PH ethernet_mac/crc 1761510798
FL /home/ise/ISE_146/ethernet/ethernet_mac/crc32.vhd 2025/10/26.16:39:25 P.20131013
PH ethernet_mac/crc32 1761510803 \
      FL /home/ise/ISE_146/ethernet/ethernet_mac/crc32.vhd PB ieee/std_logic_1164 1381692176 \
      PB ethernet_mac/crc 1761510799
PB ethernet_mac/crc32 1761510804 \
      FL /home/ise/ISE_146/ethernet/ethernet_mac/crc32.vhd PH ethernet_mac/crc32 1761510803
FL /home/ise/ISE_146/ethernet/ethernet_mac/ethernet.vhd 2025/10/26.17:18:24 P.20131013
EN ethernet_mac/ethernet 1761510823 \
      FL /home/ise/ISE_146/ethernet/ethernet_mac/ethernet.vhd \
      PB ieee/std_logic_1164 1381692176 LB ethernet_mac \
      PH ethernet_mac/ethernet_types 1761510800 PB ethernet_mac/miim_types 1761510802
AR ethernet_mac/ethernet/rtl 1761510824 \
      FL /home/ise/ISE_146/ethernet/ethernet_mac/ethernet.vhd \
      EN ethernet_mac/ethernet 1761510823 CP ethernet_mac/reset_generator \
      CP ethernet_mac/single_signal_synchronizer CP ethernet_mac/mii_gmii \
      CP ethernet_mac/mii_gmii_io CP ethernet_mac/framing CP ethernet_mac/miim \
      CP ethernet_mac/miim_control
FL /home/ise/ISE_146/ethernet/ethernet_mac/ethernet_types.vhd 2025/10/26.16:39:25 P.20131013
PH ethernet_mac/ethernet_types 1761510800 \
      FL /home/ise/ISE_146/ethernet/ethernet_mac/ethernet_types.vhd \
      PB ieee/std_logic_1164 1381692176
FL /home/ise/ISE_146/ethernet/ethernet_mac/framing.vhd 2025/10/26.17:33:36 P.20131013
EN ethernet_mac/framing 1761510815 \
      FL /home/ise/ISE_146/ethernet/ethernet_mac/framing.vhd \
      PB ieee/std_logic_1164 1381692176 PB ieee/NUMERIC_STD 1381692181 \
      LB ethernet_mac PH ethernet_mac/ethernet_types 1761510800 \
      PB ethernet_mac/framing_common 1761510808 PB ethernet_mac/crc32 1761510804 \
      PB ethernet_mac/utility 1761510797
AR ethernet_mac/framing/rtl 1761510816 \
      FL /home/ise/ISE_146/ethernet/ethernet_mac/framing.vhd \
      EN ethernet_mac/framing 1761510815
FL /home/ise/ISE_146/ethernet/ethernet_mac/framing_common.vhd 2025/10/26.17:20:03 P.20131013
PH ethernet_mac/framing_common 1761510807 \
      FL /home/ise/ISE_146/ethernet/ethernet_mac/framing_common.vhd \
      PB ieee/std_logic_1164 1381692176 PB ieee/NUMERIC_STD 1381692181 \
      LB ethernet_mac PH ethernet_mac/ethernet_types 1761510800 \
      PB ethernet_mac/crc32 1761510804 PB ethernet_mac/utility 1761510797
PB ethernet_mac/framing_common 1761510808 \
      FL /home/ise/ISE_146/ethernet/ethernet_mac/framing_common.vhd \
      PH ethernet_mac/framing_common 1761510807
FL /home/ise/ISE_146/ethernet/ethernet_mac/miim.vhd 2025/10/26.17:20:07 P.20131013
EN ethernet_mac/miim 1761510817 \
      FL /home/ise/ISE_146/ethernet/ethernet_mac/miim.vhd PB ieee/std_logic_1164 1381692176 \
      LB ethernet_mac PB ethernet_mac/miim_types 1761510802 \
      PB ethernet_mac/utility 1761510797
AR ethernet_mac/miim/rtl 1761510818 \
      FL /home/ise/ISE_146/ethernet/ethernet_mac/miim.vhd EN ethernet_mac/miim 1761510817
FL /home/ise/ISE_146/ethernet/ethernet_mac/miim_control.vhd 2025/10/26.17:20:07 P.20131013
EN ethernet_mac/miim_control 1761510819 \
      FL /home/ise/ISE_146/ethernet/ethernet_mac/miim_control.vhd \
      PB ieee/std_logic_1164 1381692176 PB ieee/NUMERIC_STD 1381692181 \
      LB ethernet_mac PH ethernet_mac/ethernet_types 1761510800 \
      PB ethernet_mac/miim_types 1761510802 PB ethernet_mac/miim_registers 1761510806
AR ethernet_mac/miim_control/rtl 1761510820 \
      FL /home/ise/ISE_146/ethernet/ethernet_mac/miim_control.vhd \
      EN ethernet_mac/miim_control 1761510819
FL /home/ise/ISE_146/ethernet/ethernet_mac/miim_registers.vhd 2025/10/26.17:20:08 P.20131013
PH ethernet_mac/miim_registers 1761510805 \
      FL /home/ise/ISE_146/ethernet/ethernet_mac/miim_registers.vhd \
      PB ieee/std_logic_1164 1381692176 PB ieee/NUMERIC_STD 1381692181 \
      LB ethernet_mac PH ethernet_mac/ethernet_types 1761510800 \
      PB ethernet_mac/miim_types 1761510802
PB ethernet_mac/miim_registers 1761510806 \
      FL /home/ise/ISE_146/ethernet/ethernet_mac/miim_registers.vhd \
      PH ethernet_mac/miim_registers 1761510805
FL /home/ise/ISE_146/ethernet/ethernet_mac/miim_types.vhd 2025/10/26.16:39:25 P.20131013
PH ethernet_mac/miim_types 1761510801 \
      FL /home/ise/ISE_146/ethernet/ethernet_mac/miim_types.vhd \
      PB ieee/std_logic_1164 1381692176 PB ieee/NUMERIC_STD 1381692181
PB ethernet_mac/miim_types 1761510802 \
      FL /home/ise/ISE_146/ethernet/ethernet_mac/miim_types.vhd \
      PH ethernet_mac/miim_types 1761510801
FL /home/ise/ISE_146/ethernet/ethernet_mac/mii_gmii.vhd 2025/10/26.17:20:05 P.20131013
EN ethernet_mac/mii_gmii 1761510812 \
      FL /home/ise/ISE_146/ethernet/ethernet_mac/mii_gmii.vhd \
      PB ieee/std_logic_1164 1381692176 PB ieee/NUMERIC_STD 1381692181 \
      LB ethernet_mac PB ethernet_mac/framing_common 1761510808 \
      PH ethernet_mac/ethernet_types 1761510800
AR ethernet_mac/mii_gmii/rtl 1761510813 \
      FL /home/ise/ISE_146/ethernet/ethernet_mac/mii_gmii.vhd \
      EN ethernet_mac/mii_gmii 1761510812
FL /home/ise/ISE_146/ethernet/ethernet_mac/mii_gmii_io.vhd 2025/10/26.17:20:10 P.20131013
EN ethernet_mac/mii_gmii_io 1761510814 \
      FL /home/ise/ISE_146/ethernet/ethernet_mac/mii_gmii_io.vhd \
      PB ieee/std_logic_1164 1381692176 LB ethernet_mac \
      PH ethernet_mac/ethernet_types 1761510800
FL /home/ise/ISE_146/ethernet/ethernet_mac/reset_generator.vhd 2025/10/26.17:20:04 P.20131013
EN ethernet_mac/reset_generator 1761510809 \
      FL /home/ise/ISE_146/ethernet/ethernet_mac/reset_generator.vhd \
      PB ieee/std_logic_1164 1381692176 LB ethernet_mac \
      PH ethernet_mac/ethernet_types 1761510800
AR ethernet_mac/reset_generator/rtl 1761510810 \
      FL /home/ise/ISE_146/ethernet/ethernet_mac/reset_generator.vhd \
      EN ethernet_mac/reset_generator 1761510809
FL /home/ise/ISE_146/ethernet/ethernet_mac/single_signal_synchronizer.vhd 2025/10/26.16:39:25 P.20131013
EN ethernet_mac/single_signal_synchronizer 1761510811 \
      FL /home/ise/ISE_146/ethernet/ethernet_mac/single_signal_synchronizer.vhd \
      PB ieee/std_logic_1164 1381692176
FL /home/ise/ISE_146/ethernet/ethernet_mac/utility.vhd 2025/10/26.16:39:25 P.20131013
PH ethernet_mac/utility 1761510796 \
      FL /home/ise/ISE_146/ethernet/ethernet_mac/utility.vhd \
      PB ieee/std_logic_1164 1381692176
PB ethernet_mac/utility 1761510797 \
      FL /home/ise/ISE_146/ethernet/ethernet_mac/utility.vhd \
      PH ethernet_mac/utility 1761510796
FL /home/ise/ISE_146/ethernet/mii_gmii_io_simple.vhd 2025/10/26.17:20:12 P.20131013
AR ethernet_mac/mii_gmii_io/simple 1761510822 \
      FL /home/ise/ISE_146/ethernet/mii_gmii_io_simple.vhd \
      EN ethernet_mac/mii_gmii_io 1761510814 PB ieee/std_logic_1164 1381692176 \
      LB ethernet_mac PH ethernet_mac/ethernet_types 1761510800
FL /home/ise/ISE_146/ethernet/single_signal_synchronizer_simple.vhd 2025/10/26.16:39:25 P.20131013
AR ethernet_mac/single_signal_synchronizer/simple 1761510821 \
      FL /home/ise/ISE_146/ethernet/single_signal_synchronizer_simple.vhd \
      EN ethernet_mac/single_signal_synchronizer 1761510811 \
      PB ieee/std_logic_1164 1381692176
