V3 54
FL /home/ise/ISE_146/ethernet/ethernet_mac/crc.vhd 2025/10/26.16:39:25 P.20131013
PH ethernet_mac/crc 1761506241 FL /home/ise/ISE_146/ethernet/ethernet_mac/crc.vhd \
      PB ieee/std_logic_1164 1381692176 PB ieee/NUMERIC_STD 1381692181 \
      PB ethernet_mac/utility 1761506240
PB ethernet_mac/crc 1761506242 \
      FL /home/ise/ISE_146/ethernet/ethernet_mac/crc.vhd PH ethernet_mac/crc 1761506241
FL /home/ise/ISE_146/ethernet/ethernet_mac/crc32.vhd 2025/10/26.16:39:25 P.20131013
PH ethernet_mac/crc32 1761506246 \
      FL /home/ise/ISE_146/ethernet/ethernet_mac/crc32.vhd PB ieee/std_logic_1164 1381692176 \
      PB ethernet_mac/crc 1761506242
PB ethernet_mac/crc32 1761506247 \
      FL /home/ise/ISE_146/ethernet/ethernet_mac/crc32.vhd PH ethernet_mac/crc32 1761506246
FL /home/ise/ISE_146/ethernet/ethernet_mac/ethernet.vhd 2025/10/26.17:18:24 P.20131013
EN ethernet_mac/ethernet 1761506266 \
      FL /home/ise/ISE_146/ethernet/ethernet_mac/ethernet.vhd \
      PB ieee/std_logic_1164 1381692176 LB ethernet_mac \
      PH ethernet_mac/ethernet_types 1761506243 PB ethernet_mac/miim_types 1761506245
AR ethernet_mac/ethernet/rtl 1761506267 \
      FL /home/ise/ISE_146/ethernet/ethernet_mac/ethernet.vhd \
      EN ethernet_mac/ethernet 1761506266 CP ethernet_mac/reset_generator \
      CP ethernet_mac/single_signal_synchronizer CP ethernet_mac/mii_gmii \
      CP ethernet_mac/mii_gmii_io CP ethernet_mac/framing CP ethernet_mac/miim \
      CP ethernet_mac/miim_control
FL /home/ise/ISE_146/ethernet/ethernet_mac/ethernet_types.vhd 2025/10/26.16:39:25 P.20131013
PH ethernet_mac/ethernet_types 1761506243 \
      FL /home/ise/ISE_146/ethernet/ethernet_mac/ethernet_types.vhd \
      PB ieee/std_logic_1164 1381692176
FL /home/ise/ISE_146/ethernet/ethernet_mac/framing.vhd 2025/10/26.17:33:36 P.20131013
EN ethernet_mac/framing 1761506258 \
      FL /home/ise/ISE_146/ethernet/ethernet_mac/framing.vhd \
      PB ieee/std_logic_1164 1381692176 PB ieee/NUMERIC_STD 1381692181 \
      LB ethernet_mac PH ethernet_mac/ethernet_types 1761506243 \
      PB ethernet_mac/framing_common 1761506251 PB ethernet_mac/crc32 1761506247 \
      PB ethernet_mac/utility 1761506240
AR ethernet_mac/framing/rtl 1761506259 \
      FL /home/ise/ISE_146/ethernet/ethernet_mac/framing.vhd \
      EN ethernet_mac/framing 1761506258
FL /home/ise/ISE_146/ethernet/ethernet_mac/framing_common.vhd 2025/10/26.17:20:03 P.20131013
PH ethernet_mac/framing_common 1761506250 \
      FL /home/ise/ISE_146/ethernet/ethernet_mac/framing_common.vhd \
      PB ieee/std_logic_1164 1381692176 PB ieee/NUMERIC_STD 1381692181 \
      LB ethernet_mac PH ethernet_mac/ethernet_types 1761506243 \
      PB ethernet_mac/crc32 1761506247 PB ethernet_mac/utility 1761506240
PB ethernet_mac/framing_common 1761506251 \
      FL /home/ise/ISE_146/ethernet/ethernet_mac/framing_common.vhd \
      PH ethernet_mac/framing_common 1761506250
FL /home/ise/ISE_146/ethernet/ethernet_mac/miim.vhd 2025/10/26.17:20:07 P.20131013
EN ethernet_mac/miim 1761506260 \
      FL /home/ise/ISE_146/ethernet/ethernet_mac/miim.vhd PB ieee/std_logic_1164 1381692176 \
      LB ethernet_mac PB ethernet_mac/miim_types 1761506245 \
      PB ethernet_mac/utility 1761506240
AR ethernet_mac/miim/rtl 1761506261 \
      FL /home/ise/ISE_146/ethernet/ethernet_mac/miim.vhd EN ethernet_mac/miim 1761506260
FL /home/ise/ISE_146/ethernet/ethernet_mac/miim_control.vhd 2025/10/26.17:20:07 P.20131013
EN ethernet_mac/miim_control 1761506262 \
      FL /home/ise/ISE_146/ethernet/ethernet_mac/miim_control.vhd \
      PB ieee/std_logic_1164 1381692176 PB ieee/NUMERIC_STD 1381692181 \
      LB ethernet_mac PH ethernet_mac/ethernet_types 1761506243 \
      PB ethernet_mac/miim_types 1761506245 PB ethernet_mac/miim_registers 1761506249
AR ethernet_mac/miim_control/rtl 1761506263 \
      FL /home/ise/ISE_146/ethernet/ethernet_mac/miim_control.vhd \
      EN ethernet_mac/miim_control 1761506262
FL /home/ise/ISE_146/ethernet/ethernet_mac/miim_registers.vhd 2025/10/26.17:20:08 P.20131013
PH ethernet_mac/miim_registers 1761506248 \
      FL /home/ise/ISE_146/ethernet/ethernet_mac/miim_registers.vhd \
      PB ieee/std_logic_1164 1381692176 PB ieee/NUMERIC_STD 1381692181 \
      LB ethernet_mac PH ethernet_mac/ethernet_types 1761506243 \
      PB ethernet_mac/miim_types 1761506245
PB ethernet_mac/miim_registers 1761506249 \
      FL /home/ise/ISE_146/ethernet/ethernet_mac/miim_registers.vhd \
      PH ethernet_mac/miim_registers 1761506248
FL /home/ise/ISE_146/ethernet/ethernet_mac/miim_types.vhd 2025/10/26.16:39:25 P.20131013
PH ethernet_mac/miim_types 1761506244 \
      FL /home/ise/ISE_146/ethernet/ethernet_mac/miim_types.vhd \
      PB ieee/std_logic_1164 1381692176 PB ieee/NUMERIC_STD 1381692181
PB ethernet_mac/miim_types 1761506245 \
      FL /home/ise/ISE_146/ethernet/ethernet_mac/miim_types.vhd \
      PH ethernet_mac/miim_types 1761506244
FL /home/ise/ISE_146/ethernet/ethernet_mac/mii_gmii.vhd 2025/10/26.17:20:05 P.20131013
EN ethernet_mac/mii_gmii 1761506255 \
      FL /home/ise/ISE_146/ethernet/ethernet_mac/mii_gmii.vhd \
      PB ieee/std_logic_1164 1381692176 PB ieee/NUMERIC_STD 1381692181 \
      LB ethernet_mac PB ethernet_mac/framing_common 1761506251 \
      PH ethernet_mac/ethernet_types 1761506243
AR ethernet_mac/mii_gmii/rtl 1761506256 \
      FL /home/ise/ISE_146/ethernet/ethernet_mac/mii_gmii.vhd \
      EN ethernet_mac/mii_gmii 1761506255
FL /home/ise/ISE_146/ethernet/ethernet_mac/mii_gmii_io.vhd 2025/10/26.17:20:10 P.20131013
EN ethernet_mac/mii_gmii_io 1761506257 \
      FL /home/ise/ISE_146/ethernet/ethernet_mac/mii_gmii_io.vhd \
      PB ieee/std_logic_1164 1381692176 LB ethernet_mac \
      PH ethernet_mac/ethernet_types 1761506243
FL /home/ise/ISE_146/ethernet/ethernet_mac/reset_generator.vhd 2025/10/26.17:20:04 P.20131013
EN ethernet_mac/reset_generator 1761506252 \
      FL /home/ise/ISE_146/ethernet/ethernet_mac/reset_generator.vhd \
      PB ieee/std_logic_1164 1381692176 LB ethernet_mac \
      PH ethernet_mac/ethernet_types 1761506243
AR ethernet_mac/reset_generator/rtl 1761506253 \
      FL /home/ise/ISE_146/ethernet/ethernet_mac/reset_generator.vhd \
      EN ethernet_mac/reset_generator 1761506252
FL /home/ise/ISE_146/ethernet/ethernet_mac/single_signal_synchronizer.vhd 2025/10/26.16:39:25 P.20131013
EN ethernet_mac/single_signal_synchronizer 1761506254 \
      FL /home/ise/ISE_146/ethernet/ethernet_mac/single_signal_synchronizer.vhd \
      PB ieee/std_logic_1164 1381692176
FL /home/ise/ISE_146/ethernet/ethernet_mac/utility.vhd 2025/10/26.16:39:25 P.20131013
PH ethernet_mac/utility 1761506239 \
      FL /home/ise/ISE_146/ethernet/ethernet_mac/utility.vhd \
      PB ieee/std_logic_1164 1381692176
PB ethernet_mac/utility 1761506240 \
      FL /home/ise/ISE_146/ethernet/ethernet_mac/utility.vhd \
      PH ethernet_mac/utility 1761506239
FL /home/ise/ISE_146/ethernet/mii_gmii_io_simple.vhd 2025/10/26.17:20:12 P.20131013
AR ethernet_mac/mii_gmii_io/simple 1761506265 \
      FL /home/ise/ISE_146/ethernet/mii_gmii_io_simple.vhd \
      EN ethernet_mac/mii_gmii_io 1761506257 PB ieee/std_logic_1164 1381692176 \
      LB ethernet_mac PH ethernet_mac/ethernet_types 1761506243
FL /home/ise/ISE_146/ethernet/single_signal_synchronizer_simple.vhd 2025/10/26.16:39:25 P.20131013
AR ethernet_mac/single_signal_synchronizer/simple 1761506264 \
      FL /home/ise/ISE_146/ethernet/single_signal_synchronizer_simple.vhd \
      EN ethernet_mac/single_signal_synchronizer 1761506254 \
      PB ieee/std_logic_1164 1381692176
