V3 54
FL /home/ise/ISE_146/ethernet/ethernet_mac/crc.vhd 2025/10/26.16:39:25 P.20131013
PH ethernet_mac/crc 1766411068 FL /home/ise/ISE_146/ethernet/ethernet_mac/crc.vhd \
      PB ieee/std_logic_1164 1381692176 PB ieee/NUMERIC_STD 1381692181 \
      PB ethernet_mac/utility 1766411067
PB ethernet_mac/crc 1766411069 \
      FL /home/ise/ISE_146/ethernet/ethernet_mac/crc.vhd PH ethernet_mac/crc 1766411068
FL /home/ise/ISE_146/ethernet/ethernet_mac/crc32.vhd 2025/10/26.16:39:25 P.20131013
PH ethernet_mac/crc32 1766411073 \
      FL /home/ise/ISE_146/ethernet/ethernet_mac/crc32.vhd PB ieee/std_logic_1164 1381692176 \
      PB ethernet_mac/crc 1766411069
PB ethernet_mac/crc32 1766411074 \
      FL /home/ise/ISE_146/ethernet/ethernet_mac/crc32.vhd PH ethernet_mac/crc32 1766411073
FL /home/ise/ISE_146/ethernet/ethernet_mac/ethernet.vhd 2025/10/26.17:18:24 P.20131013
EN ethernet_mac/ethernet 1766411101 \
      FL /home/ise/ISE_146/ethernet/ethernet_mac/ethernet.vhd \
      PB ieee/std_logic_1164 1381692176 LB ethernet_mac \
      PH ethernet_mac/ethernet_types 1766411070 PB ethernet_mac/miim_types 1766411072
AR ethernet_mac/ethernet/rtl 1766411102 \
      FL /home/ise/ISE_146/ethernet/ethernet_mac/ethernet.vhd \
      EN ethernet_mac/ethernet 1766411101 CP ethernet_mac/reset_generator \
      CP ethernet_mac/single_signal_synchronizer CP ethernet_mac/mii_gmii \
      CP ethernet_mac/mii_gmii_io CP ethernet_mac/framing CP ethernet_mac/miim \
      CP ethernet_mac/miim_control
FL /home/ise/ISE_146/ethernet/ethernet_mac/ethernet_types.vhd 2025/10/26.16:39:25 P.20131013
PH ethernet_mac/ethernet_types 1766411070 \
      FL /home/ise/ISE_146/ethernet/ethernet_mac/ethernet_types.vhd \
      PB ieee/std_logic_1164 1381692176
FL /home/ise/ISE_146/ethernet/ethernet_mac/framing.vhd 2025/10/26.17:33:36 P.20131013
EN ethernet_mac/framing 1766411085 \
      FL /home/ise/ISE_146/ethernet/ethernet_mac/framing.vhd \
      PB ieee/std_logic_1164 1381692176 PB ieee/NUMERIC_STD 1381692181 \
      LB ethernet_mac PH ethernet_mac/ethernet_types 1766411070 \
      PB ethernet_mac/framing_common 1766411078 PB ethernet_mac/crc32 1766411074 \
      PB ethernet_mac/utility 1766411067
AR ethernet_mac/framing/rtl 1766411086 \
      FL /home/ise/ISE_146/ethernet/ethernet_mac/framing.vhd \
      EN ethernet_mac/framing 1766411085
FL /home/ise/ISE_146/ethernet/ethernet_mac/framing_common.vhd 2025/10/26.17:20:03 P.20131013
PH ethernet_mac/framing_common 1766411077 \
      FL /home/ise/ISE_146/ethernet/ethernet_mac/framing_common.vhd \
      PB ieee/std_logic_1164 1381692176 PB ieee/NUMERIC_STD 1381692181 \
      LB ethernet_mac PH ethernet_mac/ethernet_types 1766411070 \
      PB ethernet_mac/crc32 1766411074 PB ethernet_mac/utility 1766411067
PB ethernet_mac/framing_common 1766411078 \
      FL /home/ise/ISE_146/ethernet/ethernet_mac/framing_common.vhd \
      PH ethernet_mac/framing_common 1766411077
FL /home/ise/ISE_146/ethernet/ethernet_mac/miim.vhd 2025/10/26.17:20:07 P.20131013
EN ethernet_mac/miim 1766411087 \
      FL /home/ise/ISE_146/ethernet/ethernet_mac/miim.vhd PB ieee/std_logic_1164 1381692176 \
      LB ethernet_mac PB ethernet_mac/miim_types 1766411072 \
      PB ethernet_mac/utility 1766411067
AR ethernet_mac/miim/rtl 1766411088 \
      FL /home/ise/ISE_146/ethernet/ethernet_mac/miim.vhd EN ethernet_mac/miim 1766411087
FL /home/ise/ISE_146/ethernet/ethernet_mac/miim_control.vhd 2025/10/26.17:20:07 P.20131013
EN ethernet_mac/miim_control 1766411089 \
      FL /home/ise/ISE_146/ethernet/ethernet_mac/miim_control.vhd \
      PB ieee/std_logic_1164 1381692176 PB ieee/NUMERIC_STD 1381692181 \
      LB ethernet_mac PH ethernet_mac/ethernet_types 1766411070 \
      PB ethernet_mac/miim_types 1766411072 PB ethernet_mac/miim_registers 1766411076
AR ethernet_mac/miim_control/rtl 1766411090 \
      FL /home/ise/ISE_146/ethernet/ethernet_mac/miim_control.vhd \
      EN ethernet_mac/miim_control 1766411089
FL /home/ise/ISE_146/ethernet/ethernet_mac/miim_registers.vhd 2025/10/26.17:20:08 P.20131013
PH ethernet_mac/miim_registers 1766411075 \
      FL /home/ise/ISE_146/ethernet/ethernet_mac/miim_registers.vhd \
      PB ieee/std_logic_1164 1381692176 PB ieee/NUMERIC_STD 1381692181 \
      LB ethernet_mac PH ethernet_mac/ethernet_types 1766411070 \
      PB ethernet_mac/miim_types 1766411072
PB ethernet_mac/miim_registers 1766411076 \
      FL /home/ise/ISE_146/ethernet/ethernet_mac/miim_registers.vhd \
      PH ethernet_mac/miim_registers 1766411075
FL /home/ise/ISE_146/ethernet/ethernet_mac/miim_types.vhd 2025/10/26.16:39:25 P.20131013
PH ethernet_mac/miim_types 1766411071 \
      FL /home/ise/ISE_146/ethernet/ethernet_mac/miim_types.vhd \
      PB ieee/std_logic_1164 1381692176 PB ieee/NUMERIC_STD 1381692181
PB ethernet_mac/miim_types 1766411072 \
      FL /home/ise/ISE_146/ethernet/ethernet_mac/miim_types.vhd \
      PH ethernet_mac/miim_types 1766411071
FL /home/ise/ISE_146/ethernet/ethernet_mac/mii_gmii.vhd 2025/10/26.17:20:05 P.20131013
EN ethernet_mac/mii_gmii 1766411082 \
      FL /home/ise/ISE_146/ethernet/ethernet_mac/mii_gmii.vhd \
      PB ieee/std_logic_1164 1381692176 PB ieee/NUMERIC_STD 1381692181 \
      LB ethernet_mac PB ethernet_mac/framing_common 1766411078 \
      PH ethernet_mac/ethernet_types 1766411070
AR ethernet_mac/mii_gmii/rtl 1766411083 \
      FL /home/ise/ISE_146/ethernet/ethernet_mac/mii_gmii.vhd \
      EN ethernet_mac/mii_gmii 1766411082
FL /home/ise/ISE_146/ethernet/ethernet_mac/mii_gmii_io.vhd 2025/10/26.17:20:10 P.20131013
EN ethernet_mac/mii_gmii_io 1766411084 \
      FL /home/ise/ISE_146/ethernet/ethernet_mac/mii_gmii_io.vhd \
      PB ieee/std_logic_1164 1381692176 LB ethernet_mac \
      PH ethernet_mac/ethernet_types 1766411070
FL /home/ise/ISE_146/ethernet/ethernet_mac/reset_generator.vhd 2025/10/26.17:20:04 P.20131013
EN ethernet_mac/reset_generator 1766411079 \
      FL /home/ise/ISE_146/ethernet/ethernet_mac/reset_generator.vhd \
      PB ieee/std_logic_1164 1381692176 LB ethernet_mac \
      PH ethernet_mac/ethernet_types 1766411070
AR ethernet_mac/reset_generator/rtl 1766411080 \
      FL /home/ise/ISE_146/ethernet/ethernet_mac/reset_generator.vhd \
      EN ethernet_mac/reset_generator 1766411079
FL /home/ise/ISE_146/ethernet/ethernet_mac/single_signal_synchronizer.vhd 2025/10/26.16:39:25 P.20131013
EN ethernet_mac/single_signal_synchronizer 1766411081 \
      FL /home/ise/ISE_146/ethernet/ethernet_mac/single_signal_synchronizer.vhd \
      PB ieee/std_logic_1164 1381692176
FL /home/ise/ISE_146/ethernet/ethernet_mac/utility.vhd 2025/10/26.16:39:25 P.20131013
PH ethernet_mac/utility 1766411066 \
      FL /home/ise/ISE_146/ethernet/ethernet_mac/utility.vhd \
      PB ieee/std_logic_1164 1381692176
PB ethernet_mac/utility 1766411067 \
      FL /home/ise/ISE_146/ethernet/ethernet_mac/utility.vhd \
      PH ethernet_mac/utility 1766411066
FL /home/ise/ISE_146/ethernet/mii_gmii_io_simple.vhd 2025/10/26.17:20:12 P.20131013
AR ethernet_mac/mii_gmii_io/simple 1766411100 \
      FL /home/ise/ISE_146/ethernet/mii_gmii_io_simple.vhd \
      EN ethernet_mac/mii_gmii_io 1766411084 PB ieee/std_logic_1164 1381692176 \
      LB ethernet_mac PH ethernet_mac/ethernet_types 1766411070
FL /home/ise/ISE_146/ethernet/single_signal_synchronizer_simple.vhd 2025/10/26.16:39:25 P.20131013
AR ethernet_mac/single_signal_synchronizer/simple 1766411099 \
      FL /home/ise/ISE_146/ethernet/single_signal_synchronizer_simple.vhd \
      EN ethernet_mac/single_signal_synchronizer 1766411081 \
      PB ieee/std_logic_1164 1381692176
