--------------------------------------------------------------------------------
Release 14.7 Trace  (lin64)
Copyright (c) 1995-2013 Xilinx, Inc.  All rights reserved.

/opt/Xilinx/14.7/ISE_DS/ISE/bin/lin64/unwrapped/trce -intstyle ise -v 3 -s 4 -n
3 -fastpaths -xml main.twx main.ncd -o main.twr main.pcf -ucf top.ucf

Design file:              main.ncd
Physical constraint file: main.pcf
Device,package,speed:     xc3s500e,fg320,-4 (PRODUCTION 1.27 2013-10-13)
Report level:             verbose report

Environment Variable      Effect 
--------------------      ------ 
NONE                      No environment variables were set
--------------------------------------------------------------------------------

INFO:Timing:2698 - No timing constraints found, doing default enumeration.
INFO:Timing:3412 - To improve timing, see the Timing Closure User Guide (UG612).
INFO:Timing:2752 - To get complete path coverage, use the unconstrained paths 
   option. All paths that are not constrained will be reported in the 
   unconstrained paths section(s) of the report.
INFO:Timing:3339 - The clock-to-out numbers in this timing report are based on 
   a 50 Ohm transmission line loading model.  For the details of this model, 
   and for more information on accounting for different loading conditions, 
   please see the device datasheet.
INFO:Timing:3390 - This architecture does not support a default System Jitter 
   value, please add SYSTEM_JITTER constraint to the UCF to modify the Clock 
   Uncertainty calculation.
INFO:Timing:3389 - This architecture does not support 'Discrete Jitter' and 
   'Phase Error' calculations, these terms will be zero in the Clock 
   Uncertainty calculation.  Please make appropriate modification to 
   SYSTEM_JITTER to account for the unsupported Discrete Jitter and Phase 
   Error.



Data Sheet report:
-----------------
All values displayed in nanoseconds (ns)

Setup/Hold to clock MII_RX_CLK
------------+------------+------------+------------------+--------+
            |Max Setup to|Max Hold to |                  | Clock  |
Source      | clk (edge) | clk (edge) |Internal Clock(s) | Phase  |
------------+------------+------------+------------------+--------+
MII_RXD<0>  |   -0.167(R)|    1.993(R)|MII_RX_CLK_BUFGP  |   0.000|
MII_RXD<1>  |    0.505(R)|    1.797(R)|MII_RX_CLK_BUFGP  |   0.000|
MII_RXD<2>  |    0.634(R)|    1.721(R)|MII_RX_CLK_BUFGP  |   0.000|
MII_RXD<3>  |    0.478(R)|    1.592(R)|MII_RX_CLK_BUFGP  |   0.000|
MII_RX_DV   |   -0.111(R)|    2.229(R)|MII_RX_CLK_BUFGP  |   0.000|
MII_RX_ER   |    0.225(R)|    1.612(R)|MII_RX_CLK_BUFGP  |   0.000|
------------+------------+------------+------------------+--------+

Setup/Hold to clock i_clk_50mhz
------------+------------+------------+------------------+--------+
            |Max Setup to|Max Hold to |                  | Clock  |
Source      | clk (edge) | clk (edge) |Internal Clock(s) | Phase  |
------------+------------+------------+------------------+--------+
MDIO        |    0.835(R)|    1.190(R)|i_clk_50mhz_IBUF  |   0.000|
i_reset_n   |    5.783(R)|    0.283(R)|i_clk_50mhz_IBUF  |   0.000|
------------+------------+------------+------------------+--------+

Clock MII_RX_CLK to Pad
------------+------------+------------------+--------+
            | clk (edge) |                  | Clock  |
Destination |   to PAD   |Internal Clock(s) | Phase  |
------------+------------+------------------+--------+
LED<6>      |   12.547(R)|MII_RX_CLK_BUFGP  |   0.000|
------------+------------+------------------+--------+

Clock MII_TX_CLK to Pad
------------+------------+----------------------------------------+--------+
            | clk (edge) |                                        | Clock  |
Destination |   to PAD   |Internal Clock(s)                       | Phase  |
------------+------------+----------------------------------------+--------+
MII_TXD<0>  |   12.781(R)|ethernet_top_inst/ethernet_inst/tx_clock|   0.000|
MII_TXD<1>  |   13.066(R)|ethernet_top_inst/ethernet_inst/tx_clock|   0.000|
MII_TXD<2>  |   14.125(R)|ethernet_top_inst/ethernet_inst/tx_clock|   0.000|
MII_TXD<3>  |   13.965(R)|ethernet_top_inst/ethernet_inst/tx_clock|   0.000|
MII_TX_EN   |   12.891(R)|ethernet_top_inst/ethernet_inst/tx_clock|   0.000|
------------+------------+----------------------------------------+--------+

Clock i_clk_50mhz to Pad
-------------+------------+----------------------------------------+--------+
             | clk (edge) |                                        | Clock  |
Destination  |   to PAD   |Internal Clock(s)                       | Phase  |
-------------+------------+----------------------------------------+--------+
LED<0>       |   12.070(R)|i_clk_50mhz_IBUF                        |   0.000|
LED<1>       |   11.769(R)|i_clk_50mhz_IBUF                        |   0.000|
LED<2>       |   10.709(R)|i_clk_50mhz_IBUF                        |   0.000|
LED<3>       |   10.487(R)|i_clk_50mhz_IBUF                        |   0.000|
LED<4>       |   10.457(R)|i_clk_50mhz_IBUF                        |   0.000|
LED<5>       |    9.543(R)|i_clk_50mhz_IBUF                        |   0.000|
LED<7>       |   13.856(R)|i_clk_50mhz_IBUF                        |   0.000|
MDC          |   11.423(R)|i_clk_50mhz_IBUF                        |   0.000|
MDIO         |   14.564(R)|i_clk_50mhz_IBUF                        |   0.000|
MII_TXD<0>   |   14.047(R)|ethernet_top_inst/ethernet_inst/tx_clock|   0.000|
MII_TXD<1>   |   14.332(R)|ethernet_top_inst/ethernet_inst/tx_clock|   0.000|
MII_TXD<2>   |   15.391(R)|ethernet_top_inst/ethernet_inst/tx_clock|   0.000|
MII_TXD<3>   |   15.231(R)|ethernet_top_inst/ethernet_inst/tx_clock|   0.000|
MII_TX_EN    |   14.157(R)|ethernet_top_inst/ethernet_inst/tx_clock|   0.000|
o_phy_reset_n|    9.048(R)|i_clk_50mhz_IBUF                        |   0.000|
-------------+------------+----------------------------------------+--------+

Clock to Setup on destination clock MII_RX_CLK
---------------+---------+---------+---------+---------+
               | Src:Rise| Src:Fall| Src:Rise| Src:Fall|
Source Clock   |Dest:Rise|Dest:Rise|Dest:Fall|Dest:Fall|
---------------+---------+---------+---------+---------+
MII_RX_CLK     |    6.448|         |         |         |
i_clk_50mhz    |    5.003|         |         |         |
---------------+---------+---------+---------+---------+

Clock to Setup on destination clock MII_TX_CLK
---------------+---------+---------+---------+---------+
               | Src:Rise| Src:Fall| Src:Rise| Src:Fall|
Source Clock   |Dest:Rise|Dest:Rise|Dest:Fall|Dest:Fall|
---------------+---------+---------+---------+---------+
MII_TX_CLK     |    9.265|         |         |         |
i_clk_50mhz    |    9.265|         |         |         |
---------------+---------+---------+---------+---------+

Clock to Setup on destination clock i_clk_50mhz
---------------+---------+---------+---------+---------+
               | Src:Rise| Src:Fall| Src:Rise| Src:Fall|
Source Clock   |Dest:Rise|Dest:Rise|Dest:Fall|Dest:Fall|
---------------+---------+---------+---------+---------+
MII_RX_CLK     |    7.180|         |         |         |
MII_TX_CLK     |    9.265|         |         |         |
i_clk_50mhz    |   16.472|         |         |         |
---------------+---------+---------+---------+---------+


Analysis completed Mon Dec 22 14:00:13 2025 
--------------------------------------------------------------------------------

Trace Settings:
-------------------------
Trace Settings 

Peak Memory Usage: 398 MB



