--------------------------------------------------------------------------------
Release 14.7 Trace  (lin64)
Copyright (c) 1995-2013 Xilinx, Inc.  All rights reserved.

/opt/Xilinx/14.7/ISE_DS/ISE/bin/lin64/unwrapped/trce -intstyle ise -v 3 -s 4 -n
3 -fastpaths -xml top.twx top.ncd -o top.twr top.pcf -ucf top.ucf

Design file:              top.ncd
Physical constraint file: top.pcf
Device,package,speed:     xc3s500e,fg320,-4 (PRODUCTION 1.27 2013-10-13)
Report level:             verbose report

Environment Variable      Effect 
--------------------      ------ 
NONE                      No environment variables were set
--------------------------------------------------------------------------------

INFO:Timing:2698 - No timing constraints found, doing default enumeration.
INFO:Timing:3412 - To improve timing, see the Timing Closure User Guide (UG612).
INFO:Timing:2752 - To get complete path coverage, use the unconstrained paths 
   option. All paths that are not constrained will be reported in the 
   unconstrained paths section(s) of the report.
INFO:Timing:3339 - The clock-to-out numbers in this timing report are based on 
   a 50 Ohm transmission line loading model.  For the details of this model, 
   and for more information on accounting for different loading conditions, 
   please see the device datasheet.
INFO:Timing:3390 - This architecture does not support a default System Jitter 
   value, please add SYSTEM_JITTER constraint to the UCF to modify the Clock 
   Uncertainty calculation.
INFO:Timing:3389 - This architecture does not support 'Discrete Jitter' and 
   'Phase Error' calculations, these terms will be zero in the Clock 
   Uncertainty calculation.  Please make appropriate modification to 
   SYSTEM_JITTER to account for the unsupported Discrete Jitter and Phase 
   Error.



Data Sheet report:
-----------------
All values displayed in nanoseconds (ns)

Setup/Hold to clock MII_RX_CLK
------------+------------+------------+------------------+--------+
            |Max Setup to|Max Hold to |                  | Clock  |
Source      | clk (edge) | clk (edge) |Internal Clock(s) | Phase  |
------------+------------+------------+------------------+--------+
MII_RXD<0>  |    0.366(R)|    1.859(R)|MII_RX_CLK_BUFGP  |   0.000|
MII_RXD<1>  |   -0.568(R)|    2.376(R)|MII_RX_CLK_BUFGP  |   0.000|
MII_RXD<2>  |   -0.430(R)|    2.472(R)|MII_RX_CLK_BUFGP  |   0.000|
MII_RXD<3>  |   -0.465(R)|    2.165(R)|MII_RX_CLK_BUFGP  |   0.000|
MII_RX_DV   |    0.948(R)|    1.479(R)|MII_RX_CLK_BUFGP  |   0.000|
MII_RX_ER   |   -0.345(R)|    2.071(R)|MII_RX_CLK_BUFGP  |   0.000|
SW<0>       |   -1.375(R)|    2.897(R)|MII_RX_CLK_BUFGP  |   0.000|
SW<1>       |   -1.064(R)|    2.648(R)|MII_RX_CLK_BUFGP  |   0.000|
SW<2>       |   -0.934(R)|    2.546(R)|MII_RX_CLK_BUFGP  |   0.000|
SW<3>       |    0.258(R)|    1.592(R)|MII_RX_CLK_BUFGP  |   0.000|
------------+------------+------------+------------------+--------+

Setup/Hold to clock MII_TX_CLK
------------+------------+------------+------------------+--------+
            |Max Setup to|Max Hold to |                  | Clock  |
Source      | clk (edge) | clk (edge) |Internal Clock(s) | Phase  |
------------+------------+------------+------------------+--------+
SW<0>       |   -0.716(R)|    3.651(R)|s_tx_clock        |   0.000|
SW<1>       |   -0.020(R)|    3.095(R)|s_tx_clock        |   0.000|
SW<2>       |   -1.820(R)|    4.485(R)|s_tx_clock        |   0.000|
SW<3>       |   -0.273(R)|    3.248(R)|s_tx_clock        |   0.000|
------------+------------+------------+------------------+--------+

Setup/Hold to clock i_clk_50mhz
------------+------------+------------+------------------+--------+
            |Max Setup to|Max Hold to |                  | Clock  |
Source      | clk (edge) | clk (edge) |Internal Clock(s) | Phase  |
------------+------------+------------+------------------+--------+
MDIO        |    1.435(R)|    0.449(R)|i_clk_50mhz_IBUF  |   0.000|
SW<0>       |   -0.359(R)|    3.205(R)|s_tx_clock        |   0.000|
SW<1>       |    0.337(R)|    2.649(R)|s_tx_clock        |   0.000|
SW<2>       |   -1.463(R)|    4.039(R)|s_tx_clock        |   0.000|
SW<3>       |    0.084(R)|    2.802(R)|s_tx_clock        |   0.000|
i_reset_n   |    4.499(R)|    0.501(R)|i_clk_50mhz_IBUF  |   0.000|
------------+------------+------------+------------------+--------+

Clock MII_RX_CLK to Pad
------------+------------+------------------+--------+
            | clk (edge) |                  | Clock  |
Destination |   to PAD   |Internal Clock(s) | Phase  |
------------+------------+------------------+--------+
LED<7>      |   11.700(R)|MII_RX_CLK_BUFGP  |   0.000|
------------+------------+------------------+--------+

Clock MII_TX_CLK to Pad
------------+------------+------------------+--------+
            | clk (edge) |                  | Clock  |
Destination |   to PAD   |Internal Clock(s) | Phase  |
------------+------------+------------------+--------+
MII_TXD<0>  |   14.777(R)|s_tx_clock        |   0.000|
MII_TXD<1>  |   15.339(R)|s_tx_clock        |   0.000|
MII_TXD<2>  |   14.708(R)|s_tx_clock        |   0.000|
MII_TXD<3>  |   15.175(R)|s_tx_clock        |   0.000|
MII_TX_EN   |   14.394(R)|s_tx_clock        |   0.000|
------------+------------+------------------+--------+

Clock i_clk_50mhz to Pad
-------------+------------+------------------+--------+
             | clk (edge) |                  | Clock  |
Destination  |   to PAD   |Internal Clock(s) | Phase  |
-------------+------------+------------------+--------+
MDC          |   12.797(R)|i_clk_50mhz_IBUF  |   0.000|
MDIO         |   15.374(R)|i_clk_50mhz_IBUF  |   0.000|
MII_TXD<0>   |   14.331(R)|s_tx_clock        |   0.000|
MII_TXD<1>   |   14.893(R)|s_tx_clock        |   0.000|
MII_TXD<2>   |   14.262(R)|s_tx_clock        |   0.000|
MII_TXD<3>   |   14.729(R)|s_tx_clock        |   0.000|
MII_TX_EN    |   13.948(R)|s_tx_clock        |   0.000|
o_phy_reset_n|    9.749(R)|i_clk_50mhz_IBUF  |   0.000|
-------------+------------+------------------+--------+

Clock to Setup on destination clock MII_RX_CLK
---------------+---------+---------+---------+---------+
               | Src:Rise| Src:Fall| Src:Rise| Src:Fall|
Source Clock   |Dest:Rise|Dest:Rise|Dest:Fall|Dest:Fall|
---------------+---------+---------+---------+---------+
MII_RX_CLK     |    6.184|         |         |         |
MII_TX_CLK     |    8.770|         |         |         |
i_clk_50mhz    |    8.770|         |         |         |
---------------+---------+---------+---------+---------+

Clock to Setup on destination clock MII_TX_CLK
---------------+---------+---------+---------+---------+
               | Src:Rise| Src:Fall| Src:Rise| Src:Fall|
Source Clock   |Dest:Rise|Dest:Rise|Dest:Fall|Dest:Fall|
---------------+---------+---------+---------+---------+
MII_TX_CLK     |    8.911|         |         |         |
i_clk_50mhz    |    9.331|         |         |         |
---------------+---------+---------+---------+---------+

Clock to Setup on destination clock i_clk_50mhz
---------------+---------+---------+---------+---------+
               | Src:Rise| Src:Fall| Src:Rise| Src:Fall|
Source Clock   |Dest:Rise|Dest:Rise|Dest:Fall|Dest:Fall|
---------------+---------+---------+---------+---------+
MII_TX_CLK     |    8.911|         |         |         |
i_clk_50mhz    |    9.331|         |         |         |
---------------+---------+---------+---------+---------+

Pad to Pad
---------------+---------------+---------+
Source Pad     |Destination Pad|  Delay  |
---------------+---------------+---------+
SW<0>          |LED<0>         |    7.789|
SW<1>          |LED<1>         |    8.004|
SW<2>          |LED<2>         |    7.340|
SW<3>          |LED<3>         |    8.632|
---------------+---------------+---------+


Analysis completed Mon Oct 27 10:46:31 2025 
--------------------------------------------------------------------------------

Trace Settings:
-------------------------
Trace Settings 

Peak Memory Usage: 363 MB



