--------------------------------------------------------------------------------
Release 14.7 Trace  (lin64)
Copyright (c) 1995-2013 Xilinx, Inc.  All rights reserved.

/opt/Xilinx/14.7/ISE_DS/ISE/bin/lin64/unwrapped/trce -intstyle ise -v 3 -s 4 -n
3 -fastpaths -xml top.twx top.ncd -o top.twr top.pcf -ucf top.ucf

Design file:              top.ncd
Physical constraint file: top.pcf
Device,package,speed:     xc3s500e,fg320,-4 (PRODUCTION 1.27 2013-10-13)
Report level:             verbose report

Environment Variable      Effect 
--------------------      ------ 
NONE                      No environment variables were set
--------------------------------------------------------------------------------

INFO:Timing:2698 - No timing constraints found, doing default enumeration.
INFO:Timing:3412 - To improve timing, see the Timing Closure User Guide (UG612).
INFO:Timing:2752 - To get complete path coverage, use the unconstrained paths 
   option. All paths that are not constrained will be reported in the 
   unconstrained paths section(s) of the report.
INFO:Timing:3339 - The clock-to-out numbers in this timing report are based on 
   a 50 Ohm transmission line loading model.  For the details of this model, 
   and for more information on accounting for different loading conditions, 
   please see the device datasheet.
INFO:Timing:3390 - This architecture does not support a default System Jitter 
   value, please add SYSTEM_JITTER constraint to the UCF to modify the Clock 
   Uncertainty calculation.
INFO:Timing:3389 - This architecture does not support 'Discrete Jitter' and 
   'Phase Error' calculations, these terms will be zero in the Clock 
   Uncertainty calculation.  Please make appropriate modification to 
   SYSTEM_JITTER to account for the unsupported Discrete Jitter and Phase 
   Error.



Data Sheet report:
-----------------
All values displayed in nanoseconds (ns)

Setup/Hold to clock MII_RX_CLK
------------+------------+------------+------------------+--------+
            |Max Setup to|Max Hold to |                  | Clock  |
Source      | clk (edge) | clk (edge) |Internal Clock(s) | Phase  |
------------+------------+------------+------------------+--------+
MII_RXD<0>  |   -0.768(R)|    2.553(R)|MII_RX_CLK_BUFGP  |   0.000|
MII_RXD<1>  |   -1.068(R)|    2.793(R)|MII_RX_CLK_BUFGP  |   0.000|
MII_RXD<2>  |   -1.257(R)|    2.946(R)|MII_RX_CLK_BUFGP  |   0.000|
MII_RXD<3>  |   -0.242(R)|    2.133(R)|MII_RX_CLK_BUFGP  |   0.000|
MII_RX_DV   |    1.611(R)|    1.912(R)|MII_RX_CLK_BUFGP  |   0.000|
MII_RX_ER   |    0.436(R)|    1.594(R)|MII_RX_CLK_BUFGP  |   0.000|
------------+------------+------------+------------------+--------+

Setup/Hold to clock MII_TX_CLK
------------+------------+------------+------------------+--------+
            |Max Setup to|Max Hold to |                  | Clock  |
Source      | clk (edge) | clk (edge) |Internal Clock(s) | Phase  |
------------+------------+------------+------------------+--------+
SW<0>       |   -0.076(R)|    2.815(R)|s_tx_clock        |   0.000|
SW<1>       |    0.308(R)|    2.506(R)|s_tx_clock        |   0.000|
SW<2>       |   -1.183(R)|    3.647(R)|s_tx_clock        |   0.000|
SW<3>       |   -0.054(R)|    2.747(R)|s_tx_clock        |   0.000|
------------+------------+------------+------------------+--------+

Setup/Hold to clock i_clk_50mhz
------------+------------+------------+------------------+--------+
            |Max Setup to|Max Hold to |                  | Clock  |
Source      | clk (edge) | clk (edge) |Internal Clock(s) | Phase  |
------------+------------+------------+------------------+--------+
MDIO        |    2.491(R)|    0.038(R)|i_clk_50mhz_IBUF  |   0.000|
SW<0>       |    0.061(R)|    2.643(R)|s_tx_clock        |   0.000|
SW<1>       |    0.445(R)|    2.334(R)|s_tx_clock        |   0.000|
SW<2>       |   -1.046(R)|    3.475(R)|s_tx_clock        |   0.000|
SW<3>       |    0.083(R)|    2.575(R)|s_tx_clock        |   0.000|
i_reset_n   |    5.915(R)|   -0.274(R)|i_clk_50mhz_IBUF  |   0.000|
------------+------------+------------+------------------+--------+

Clock MII_RX_CLK to Pad
------------+------------+------------------+--------+
            | clk (edge) |                  | Clock  |
Destination |   to PAD   |Internal Clock(s) | Phase  |
------------+------------+------------------+--------+
LED<7>      |   12.496(R)|MII_RX_CLK_BUFGP  |   0.000|
------------+------------+------------------+--------+

Clock MII_TX_CLK to Pad
------------+------------+------------------+--------+
            | clk (edge) |                  | Clock  |
Destination |   to PAD   |Internal Clock(s) | Phase  |
------------+------------+------------------+--------+
MII_TXD<0>  |   13.001(R)|s_tx_clock        |   0.000|
MII_TXD<1>  |   13.856(R)|s_tx_clock        |   0.000|
MII_TXD<2>  |   13.986(R)|s_tx_clock        |   0.000|
MII_TXD<3>  |   14.359(R)|s_tx_clock        |   0.000|
MII_TX_EN   |   13.429(R)|s_tx_clock        |   0.000|
------------+------------+------------------+--------+

Clock i_clk_50mhz to Pad
-------------+------------+------------------+--------+
             | clk (edge) |                  | Clock  |
Destination  |   to PAD   |Internal Clock(s) | Phase  |
-------------+------------+------------------+--------+
MDC          |   13.935(R)|i_clk_50mhz_IBUF  |   0.000|
MDIO         |   15.300(R)|i_clk_50mhz_IBUF  |   0.000|
MII_TXD<0>   |   12.829(R)|s_tx_clock        |   0.000|
MII_TXD<1>   |   13.684(R)|s_tx_clock        |   0.000|
MII_TXD<2>   |   13.814(R)|s_tx_clock        |   0.000|
MII_TXD<3>   |   14.187(R)|s_tx_clock        |   0.000|
MII_TX_EN    |   13.257(R)|s_tx_clock        |   0.000|
o_phy_reset_n|    9.739(R)|i_clk_50mhz_IBUF  |   0.000|
-------------+------------+------------------+--------+

Clock to Setup on destination clock MII_RX_CLK
---------------+---------+---------+---------+---------+
               | Src:Rise| Src:Fall| Src:Rise| Src:Fall|
Source Clock   |Dest:Rise|Dest:Rise|Dest:Fall|Dest:Fall|
---------------+---------+---------+---------+---------+
MII_RX_CLK     |    6.783|         |         |         |
i_clk_50mhz    |    3.746|         |         |         |
---------------+---------+---------+---------+---------+

Clock to Setup on destination clock MII_TX_CLK
---------------+---------+---------+---------+---------+
               | Src:Rise| Src:Fall| Src:Rise| Src:Fall|
Source Clock   |Dest:Rise|Dest:Rise|Dest:Fall|Dest:Fall|
---------------+---------+---------+---------+---------+
MII_TX_CLK     |    8.556|         |         |         |
i_clk_50mhz    |   10.496|         |         |         |
---------------+---------+---------+---------+---------+

Clock to Setup on destination clock i_clk_50mhz
---------------+---------+---------+---------+---------+
               | Src:Rise| Src:Fall| Src:Rise| Src:Fall|
Source Clock   |Dest:Rise|Dest:Rise|Dest:Fall|Dest:Fall|
---------------+---------+---------+---------+---------+
MII_TX_CLK     |    8.556|         |         |         |
i_clk_50mhz    |   10.496|         |         |         |
---------------+---------+---------+---------+---------+

Pad to Pad
---------------+---------------+---------+
Source Pad     |Destination Pad|  Delay  |
---------------+---------------+---------+
SW<0>          |LED<0>         |    7.925|
SW<1>          |LED<1>         |    7.897|
SW<2>          |LED<2>         |    7.331|
SW<3>          |LED<3>         |    8.637|
---------------+---------------+---------+


Analysis completed Sun Oct 26 20:35:41 2025 
--------------------------------------------------------------------------------

Trace Settings:
-------------------------
Trace Settings 

Peak Memory Usage: 355 MB



