Release 14.7 - xst P.20131013 (lin64)
Copyright (c) 1995-2013 Xilinx, Inc.  All rights reserved.
--> 
Parameter TMPDIR set to xst/projnav.tmp


Total REAL time to Xst completion: 0.00 secs
Total CPU time to Xst completion: 0.00 secs
 
--> 
Parameter xsthdpdir set to xst


Total REAL time to Xst completion: 0.00 secs
Total CPU time to Xst completion: 0.00 secs
 
--> 
Reading design: top.prj

TABLE OF CONTENTS
  1) Synthesis Options Summary
  2) HDL Compilation
  3) Design Hierarchy Analysis
  4) HDL Analysis
  5) HDL Synthesis
     5.1) HDL Synthesis Report
  6) Advanced HDL Synthesis
     6.1) Advanced HDL Synthesis Report
  7) Low Level Synthesis
  8) Partition Report
  9) Final Report
	9.1) Device utilization summary
	9.2) Partition Resource Summary
	9.3) TIMING REPORT


=========================================================================
*                      Synthesis Options Summary                        *
=========================================================================
---- Source Parameters
Input File Name                    : "top.prj"
Input Format                       : mixed
Ignore Synthesis Constraint File   : NO

---- Target Parameters
Output File Name                   : "top"
Output Format                      : NGC
Target Device                      : xc3s500e-4-fg320

---- Source Options
Top Module Name                    : top
Automatic FSM Extraction           : YES
FSM Encoding Algorithm             : Auto
Safe Implementation                : No
FSM Style                          : LUT
RAM Extraction                     : Yes
RAM Style                          : Auto
ROM Extraction                     : Yes
Mux Style                          : Auto
Decoder Extraction                 : YES
Priority Encoder Extraction        : Yes
Shift Register Extraction          : YES
Logical Shifter Extraction         : YES
XOR Collapsing                     : YES
ROM Style                          : Auto
Mux Extraction                     : Yes
Resource Sharing                   : YES
Asynchronous To Synchronous        : NO
Multiplier Style                   : Auto
Automatic Register Balancing       : No

---- Target Options
Add IO Buffers                     : YES
Global Maximum Fanout              : 100000
Add Generic Clock Buffer(BUFG)     : 24
Register Duplication               : YES
Slice Packing                      : YES
Optimize Instantiated Primitives   : NO
Use Clock Enable                   : Yes
Use Synchronous Set                : Yes
Use Synchronous Reset              : Yes
Pack IO Registers into IOBs        : Auto
Equivalent register Removal        : YES

---- General Options
Optimization Goal                  : Speed
Optimization Effort                : 1
Keep Hierarchy                     : No
Netlist Hierarchy                  : As_Optimized
RTL Output                         : Yes
Global Optimization                : AllClockNets
Read Cores                         : YES
Write Timing Constraints           : NO
Cross Clock Analysis               : NO
Hierarchy Separator                : /
Bus Delimiter                      : <>
Case Specifier                     : Maintain
Slice Utilization Ratio            : 100
BRAM Utilization Ratio             : 100
Verilog 2001                       : YES
Auto BRAM Packing                  : NO
Slice Utilization Ratio Delta      : 5

---- Other Options
Cores Search Directories           : {"ipcore_dir"  }

=========================================================================


=========================================================================
*                          HDL Compilation                              *
=========================================================================
Compiling vhdl file "/home/ise/ISE_146/ethernet/ethernet_mac/utility.vhd" in Library ethernet_mac.
Architecture utility of Entity utility is up to date.
Compiling vhdl file "/home/ise/ISE_146/ethernet/ethernet_mac/crc.vhd" in Library ethernet_mac.
Architecture crc of Entity crc is up to date.
Compiling vhdl file "/home/ise/ISE_146/ethernet/ethernet_mac/ethernet_types.vhd" in Library ethernet_mac.
Compiling vhdl file "/home/ise/ISE_146/ethernet/ethernet_mac/miim_types.vhd" in Library ethernet_mac.
Architecture miim_types of Entity miim_types is up to date.
Compiling vhdl file "/home/ise/ISE_146/ethernet/ethernet_mac/crc32.vhd" in Library ethernet_mac.
Architecture crc32 of Entity crc32 is up to date.
Compiling vhdl file "/home/ise/ISE_146/ethernet/ethernet_mac/miim_registers.vhd" in Library ethernet_mac.
Architecture miim_registers of Entity miim_registers is up to date.
Compiling vhdl file "/home/ise/ISE_146/ethernet/ethernet_mac/framing_common.vhd" in Library ethernet_mac.
Architecture framing_common of Entity framing_common is up to date.
Compiling vhdl file "/home/ise/ISE_146/ethernet/ethernet_mac/reset_generator.vhd" in Library ethernet_mac.
Architecture rtl of Entity reset_generator is up to date.
Compiling vhdl file "/home/ise/ISE_146/ethernet/ethernet_mac/single_signal_synchronizer.vhd" in Library ethernet_mac.
Compiling vhdl file "/home/ise/ISE_146/ethernet/ethernet_mac/mii_gmii.vhd" in Library ethernet_mac.
Architecture rtl of Entity mii_gmii is up to date.
Compiling vhdl file "/home/ise/ISE_146/ethernet/ethernet_mac/mii_gmii_io.vhd" in Library ethernet_mac.
Compiling vhdl file "/home/ise/ISE_146/ethernet/ethernet_mac/framing.vhd" in Library ethernet_mac.
Architecture rtl of Entity framing is up to date.
Compiling vhdl file "/home/ise/ISE_146/ethernet/ethernet_mac/miim.vhd" in Library ethernet_mac.
Architecture rtl of Entity miim is up to date.
Compiling vhdl file "/home/ise/ISE_146/ethernet/ethernet_mac/miim_control.vhd" in Library ethernet_mac.
Architecture rtl of Entity miim_control is up to date.
Compiling vhdl file "/home/ise/ISE_146/ethernet/single_signal_synchronizer_simple.vhd" in Library ethernet_mac.
Architecture simple of Entity single_signal_synchronizer is up to date.
Compiling vhdl file "/home/ise/ISE_146/ethernet/mii_gmii_io_simple.vhd" in Library ethernet_mac.
Architecture simple of Entity mii_gmii_io is up to date.
Compiling vhdl file "/home/ise/ISE_146/ethernet/ethernet_mac/ethernet.vhd" in Library ethernet_mac.
Architecture rtl of Entity ethernet is up to date.
Compiling vhdl file "/home/ise/ISE_146/ethernet/switch_driver.vhd" in Library work.
Architecture behavioral of Entity switch_driver is up to date.
Compiling vhdl file "/home/ise/ISE_146/ethernet/led_driver.vhd" in Library work.
Architecture behavioral of Entity led_driver is up to date.
Compiling vhdl file "/home/ise/ISE_146/ethernet/ipcore_dir/con.vhd" in Library work.
Architecture con_a of Entity con is up to date.
Compiling vhdl file "/home/ise/ISE_146/ethernet/ipcore_dir/ila.vhd" in Library work.
Architecture ila_a of Entity ila is up to date.
Compiling vhdl file "/home/ise/ISE_146/ethernet/top.vhd" in Library work.
Entity <top> compiled.
Entity <top> (Architecture <behavioral>) compiled.

=========================================================================
*                     Design Hierarchy Analysis                         *
=========================================================================
Analyzing hierarchy for entity <top> in library <work> (architecture <behavioral>).

Analyzing hierarchy for entity <ethernet> in library <ethernet_mac> (architecture <rtl>) with generics.
	MIIM_CLOCK_DIVIDER = 20
	MIIM_DISABLE = false
	MIIM_PHY_ADDRESS = "00001"
	MIIM_POLL_WAIT_TICKS = 10000000
	MIIM_RESET_WAIT_TICKS = 2500000

Analyzing hierarchy for entity <switch_driver> in library <work> (architecture <behavioral>) with generics.
	G_MAC_ADDRESS = "000000000000101000110101000100100011010001010110"

Analyzing hierarchy for entity <led_driver> in library <work> (architecture <behavioral>).

Analyzing hierarchy for entity <reset_generator> in library <ethernet_mac> (architecture <rtl>) with generics.
	RESET_TICKS = 1000

Analyzing hierarchy for entity <single_signal_synchronizer> in library <ethernet_mac> (architecture <simple>).

Analyzing hierarchy for entity <mii_gmii> in library <ethernet_mac> (architecture <rtl>).

Analyzing hierarchy for entity <mii_gmii_io> in library <ethernet_mac> (architecture <simple>).

Analyzing hierarchy for entity <framing> in library <ethernet_mac> (architecture <rtl>).

Analyzing hierarchy for entity <miim> in library <ethernet_mac> (architecture <rtl>) with generics.
	CLOCK_DIVIDER = 20

Analyzing hierarchy for entity <miim_control> in library <ethernet_mac> (architecture <rtl>) with generics.
	DEBUG_OUTPUT = false
	POLL_WAIT_TICKS = 10000000
	RESET_WAIT_TICKS = 2500000


=========================================================================
*                            HDL Analysis                               *
=========================================================================
Analyzing Entity <top> in library <work> (Architecture <behavioral>).
WARNING:Xst:753 - "/home/ise/ISE_146/ethernet/top.vhd" line 266: Unconnected output port 'mii_tx_er_o' of component 'ethernet'.
WARNING:Xst:753 - "/home/ise/ISE_146/ethernet/top.vhd" line 266: Unconnected output port 'gmii_gtx_clk_o' of component 'ethernet'.
WARNING:Xst:753 - "/home/ise/ISE_146/ethernet/top.vhd" line 266: Unconnected output port 'rgmii_tx_ctl_o' of component 'ethernet'.
WARNING:Xst:2211 - "/home/ise/ISE_146/ethernet/top.vhd" line 346: Instantiating black box module <con>.
WARNING:Xst:2211 - "/home/ise/ISE_146/ethernet/top.vhd" line 351: Instantiating black box module <ila>.
Entity <top> analyzed. Unit <top> generated.

Analyzing generic Entity <ethernet> in library <ethernet_mac> (Architecture <rtl>).
	MIIM_CLOCK_DIVIDER = 20
	MIIM_DISABLE = false
	MIIM_PHY_ADDRESS = "00001"
	MIIM_POLL_WAIT_TICKS = 10000000
	MIIM_RESET_WAIT_TICKS = 2500000
WARNING:Xst:753 - "/home/ise/ISE_146/ethernet/ethernet_mac/ethernet.vhd" line 165: Unconnected output port 'rgmii_tx_ctl_o' of component 'mii_gmii'.
WARNING:Xst:753 - "/home/ise/ISE_146/ethernet/ethernet_mac/ethernet.vhd" line 260: Unconnected output port 'debug_fifo_we_o' of component 'miim_control'.
WARNING:Xst:753 - "/home/ise/ISE_146/ethernet/ethernet_mac/ethernet.vhd" line 260: Unconnected output port 'debug_fifo_write_data_o' of component 'miim_control'.
Entity <ethernet> analyzed. Unit <ethernet> generated.

Analyzing generic Entity <reset_generator> in library <ethernet_mac> (Architecture <rtl>).
	RESET_TICKS = 1000
Entity <reset_generator> analyzed. Unit <reset_generator> generated.

Analyzing Entity <single_signal_synchronizer> in library <ethernet_mac> (Architecture <simple>).
Entity <single_signal_synchronizer> analyzed. Unit <single_signal_synchronizer> generated.

Analyzing Entity <mii_gmii> in library <ethernet_mac> (Architecture <rtl>).
Entity <mii_gmii> analyzed. Unit <mii_gmii> generated.

Analyzing Entity <mii_gmii_io> in library <ethernet_mac> (Architecture <simple>).
Entity <mii_gmii_io> analyzed. Unit <mii_gmii_io> generated.

Analyzing Entity <framing> in library <ethernet_mac> (Architecture <rtl>).
WARNING:Xst:1610 - "/home/ise/ISE_146/ethernet/ethernet_mac/framing.vhd" line 206: Width mismatch. <data_out> has a width of 8 bits but assigned expression is 48-bit wide.
Entity <framing> analyzed. Unit <framing> generated.

Analyzing generic Entity <miim> in library <ethernet_mac> (Architecture <rtl>).
	CLOCK_DIVIDER = 20
Entity <miim> analyzed. Unit <miim> generated.

Analyzing generic Entity <miim_control> in library <ethernet_mac> (Architecture <rtl>).
	DEBUG_OUTPUT = false
	POLL_WAIT_TICKS = 10000000
	RESET_WAIT_TICKS = 2500000
Entity <miim_control> analyzed. Unit <miim_control> generated.

Analyzing generic Entity <switch_driver> in library <work> (Architecture <behavioral>).
	G_MAC_ADDRESS = "000000000000101000110101000100100011010001010110"
Entity <switch_driver> analyzed. Unit <switch_driver> generated.

Analyzing Entity <led_driver> in library <work> (Architecture <behavioral>).
Entity <led_driver> analyzed. Unit <led_driver> generated.


=========================================================================
*                           HDL Synthesis                               *
=========================================================================

Performing bidirectional port resolution...

Synthesizing Unit <switch_driver>.
    Related source file is "/home/ise/ISE_146/ethernet/switch_driver.vhd".
WARNING:Xst:647 - Input <i_tx_busy> is never used. This port will be preserved and left unconnected if it belongs to a top-level block or it belongs to a sub-block and the hierarchy of this sub-block is preserved.
    Found finite state machine <FSM_0> for signal <s_tx_state>.
    -----------------------------------------------------------------------
    | States             | 7                                              |
    | Transitions        | 15                                             |
    | Inputs             | 4                                              |
    | Outputs            | 7                                              |
    | Clock              | i_tx_clock                (rising_edge)        |
    | Reset              | i_tx_reset                (positive)           |
    | Reset type         | synchronous                                    |
    | Reset State        | idle                                           |
    | Power Up State     | idle                                           |
    | Encoding           | automatic                                      |
    | Implementation     | LUT                                            |
    -----------------------------------------------------------------------
    Found 8-bit register for signal <o_tx_data>.
    Found 1-bit register for signal <o_tx_enable>.
    Found 5-bit adder for signal <o_tx_data$sub0000> created at line 85.
    Found 4-bit register for signal <s_tx_byte_index>.
    Found 4-bit adder for signal <s_tx_byte_index$add0000> created at line 90.
    Found 26-bit register for signal <s_tx_counter>.
    Found 26-bit adder for signal <s_tx_counter$addsub0000> created at line 75.
    Found 26-bit comparator less for signal <s_tx_state$cmp_lt0000> created at line 74.
    Found 4-bit comparator less for signal <s_tx_state$cmp_lt0001> created at line 89.
    Found 4-bit comparator less for signal <s_tx_state$cmp_lt0002> created at line 122.
    Summary:
	inferred   1 Finite State Machine(s).
	inferred  39 D-type flip-flop(s).
	inferred   3 Adder/Subtractor(s).
	inferred   3 Comparator(s).
Unit <switch_driver> synthesized.


Synthesizing Unit <led_driver>.
    Related source file is "/home/ise/ISE_146/ethernet/led_driver.vhd".
    Found 1-bit register for signal <s_rx_activity>.
    Found 26-bit down counter for signal <s_rx_timeout>.
    Found 26-bit comparator greater for signal <s_rx_timeout$cmp_gt0000> created at line 52.
    Summary:
	inferred   1 Counter(s).
	inferred   1 D-type flip-flop(s).
	inferred   1 Comparator(s).
Unit <led_driver> synthesized.


Synthesizing Unit <reset_generator>.
    Related source file is "/home/ise/ISE_146/ethernet/ethernet_mac/reset_generator.vhd".
    Found 1-bit register for signal <reset_o>.
    Found 2-bit register for signal <last_speed>.
    Found 10-bit up counter for signal <reset_counter>.
    Found 2-bit comparator not equal for signal <reset_counter$cmp_ne0000> created at line 64.
    Found 1-bit register for signal <state<0>>.
    Summary:
	inferred   1 Counter(s).
	inferred   4 D-type flip-flop(s).
	inferred   1 Comparator(s).
Unit <reset_generator> synthesized.


Synthesizing Unit <single_signal_synchronizer>.
    Related source file is "/home/ise/ISE_146/ethernet/single_signal_synchronizer_simple.vhd".
    Found 1-bit register for signal <signal_o>.
    Found 1-bit register for signal <signal_tmp>.
    Summary:
	inferred   2 D-type flip-flop(s).
Unit <single_signal_synchronizer> synthesized.


Synthesizing Unit <mii_gmii>.
    Related source file is "/home/ise/ISE_146/ethernet/ethernet_mac/mii_gmii.vhd".
WARNING:Xst:1305 - Output <rgmii_tx_ctl_o> is never assigned. Tied to value 0.
WARNING:Xst:647 - Input <rgmii_rx_ctl_i> is never used. This port will be preserved and left unconnected if it belongs to a top-level block or it belongs to a sub-block and the hierarchy of this sub-block is preserved.
    Found finite state machine <FSM_1> for signal <rx_state>.
    -----------------------------------------------------------------------
    | States             | 4                                              |
    | Transitions        | 7                                              |
    | Inputs             | 2                                              |
    | Outputs            | 4                                              |
    | Clock              | rx_clock_i                (rising_edge)        |
    | Reset              | rx_reset_i                (positive)           |
    | Reset type         | asynchronous                                   |
    | Reset State        | rx_init                                        |
    | Power Up State     | rx_init                                        |
    | Encoding           | automatic                                      |
    | Implementation     | LUT                                            |
    -----------------------------------------------------------------------
    Found finite state machine <FSM_2> for signal <tx_state>.
    -----------------------------------------------------------------------
    | States             | 4                                              |
    | Transitions        | 6                                              |
    | Inputs             | 2                                              |
    | Outputs            | 4                                              |
    | Clock              | tx_clock_i                (rising_edge)        |
    | Reset              | tx_reset_i                (positive)           |
    | Reset type         | asynchronous                                   |
    | Reset State        | tx_init                                        |
    | Power Up State     | tx_init                                        |
    | Encoding           | automatic                                      |
    | Implementation     | LUT                                            |
    -----------------------------------------------------------------------
    Found 8-bit register for signal <rx_data_o>.
    Found 1-bit register for signal <rx_frame_o>.
    Found 1-bit register for signal <mii_tx_en_o>.
    Found 1-bit register for signal <rx_error_o>.
    Found 1-bit register for signal <rx_byte_received_o>.
    Found 8-bit register for signal <mii_txd_o>.
    Summary:
	inferred   2 Finite State Machine(s).
	inferred  20 D-type flip-flop(s).
Unit <mii_gmii> synthesized.


Synthesizing Unit <mii_gmii_io>.
    Related source file is "/home/ise/ISE_146/ethernet/mii_gmii_io_simple.vhd".
Unit <mii_gmii_io> synthesized.


Synthesizing Unit <framing>.
    Related source file is "/home/ise/ISE_146/ethernet/ethernet_mac/framing.vhd".
    Found finite state machine <FSM_3> for signal <rx_state>.
    -----------------------------------------------------------------------
    | States             | 4                                              |
    | Transitions        | 20                                             |
    | Inputs             | 10                                             |
    | Outputs            | 5                                              |
    | Clock              | rx_clock_i                (rising_edge)        |
    | Reset              | rx_reset_i                (positive)           |
    | Reset type         | asynchronous                                   |
    | Reset State        | rx_wait_start_frame_delimiter                  |
    | Power Up State     | rx_wait_start_frame_delimiter                  |
    | Encoding           | automatic                                      |
    | Implementation     | LUT                                            |
    -----------------------------------------------------------------------
    Found finite state machine <FSM_4> for signal <tx_state>.
    -----------------------------------------------------------------------
    | States             | 16                                             |
    | Transitions        | 61                                             |
    | Inputs             | 7                                              |
    | Outputs            | 23                                             |
    | Clock              | tx_clock_i                (rising_edge)        |
    | Clock enable       | tx_state$not0000          (positive)           |
    | Reset              | tx_reset_i                (positive)           |
    | Reset type         | asynchronous                                   |
    | Reset State        | tx_idle                                        |
    | Power Up State     | tx_idle                                        |
    | Encoding           | automatic                                      |
    | Implementation     | LUT                                            |
    -----------------------------------------------------------------------
    Found 8-bit register for signal <rx_data_o>.
    Found 1-bit register for signal <rx_frame_o>.
    Found 1-bit register for signal <rx_error_o>.
    Found 8-bit register for signal <mii_tx_data_o>.
    Found 1-bit register for signal <mii_tx_enable_o>.
    Found 1-bit register for signal <rx_byte_received_o>.
    Found 1-bit register for signal <tx_busy_o>.
    Found 1-bit register for signal <mii_tx_gap_o>.
    Found 3-bit adder for signal <add0000$add0000> created at line 50.
    Found 3-bit adder for signal <data_out$add0001> created at line 50.
    Found 1-bit xor2 for signal <new_crc0$xor0014> created at line 33.
    Found 1-bit xor2 for signal <new_crc1$xor0014> created at line 33.
    Found 1-bit xor2 for signal <new_crc10$xor0014> created at line 33.
    Found 1-bit xor2 for signal <new_crc11$xor0014> created at line 33.
    Found 1-bit xor2 for signal <new_crc12$xor0014> created at line 33.
    Found 1-bit xor2 for signal <new_crc13$xor0014> created at line 33.
    Found 1-bit xor2 for signal <new_crc14$xor0014> created at line 33.
    Found 1-bit xor2 for signal <new_crc15$xor0014> created at line 33.
    Found 1-bit xor2 for signal <new_crc2$xor0014> created at line 33.
    Found 1-bit xor2 for signal <new_crc3$xor0014> created at line 33.
    Found 1-bit xor2 for signal <new_crc4$xor0014> created at line 33.
    Found 1-bit xor2 for signal <new_crc5$xor0014> created at line 33.
    Found 1-bit xor2 for signal <new_crc6$xor0014> created at line 33.
    Found 1-bit xor2 for signal <new_crc9$xor0014> created at line 33.
    Found 11-bit comparator greater for signal <rx_error_o$cmp_gt0000> created at line 325.
    Found 11-bit comparator less for signal <rx_error_o$cmp_lt0000> created at line 325.
    Found 32-bit register for signal <rx_frame_check_sequence>.
    Found 1-bit xor2 for signal <rx_frame_check_sequence$xor0014> created at line 33.
    Found 11-bit register for signal <rx_frame_size>.
    Found 11-bit adder for signal <rx_frame_size$addsub0000> created at line 334.
    Found 11-bit comparator less for signal <rx_frame_size$cmp_lt0000> created at line 333.
    Found 1-bit register for signal <rx_is_group_address>.
    Found 3-bit register for signal <rx_mac_address_byte>.
    Found 3-bit comparator less for signal <rx_state$cmp_lt0000> created at line 337.
    Found 8-bit comparator not equal for signal <rx_state$cmp_ne0000> created at line 344.
    Found 32-bit register for signal <tx_frame_check_sequence>.
    Found 32-bit 4-to-1 multiplexer for signal <tx_frame_check_sequence$mux0000>.
    Found 1-bit xor2 for signal <tx_frame_check_sequence$xor0014> created at line 33.
    Found 4-bit register for signal <tx_interpacket_gap_counter>.
    Found 4-bit adder for signal <tx_interpacket_gap_counter$addsub0000> created at line 258.
    Found 3-bit register for signal <tx_mac_address_byte>.
    Found 7-bit register for signal <tx_padding_required>.
    Found 7-bit subtractor for signal <tx_padding_required$addsub0000> created at line 270.
    Found 7-bit comparator greater for signal <tx_padding_required$cmp_gt0000> created at line 269.
    Found 7-bit comparator lessequal for signal <tx_padding_required$cmp_le0000> created at line 269.
    Found 3-bit comparator less for signal <tx_state$cmp_lt0000> created at line 182.
    Found 3-bit comparator less for signal <tx_state$cmp_lt0001> created at line 208.
    Summary:
	inferred   2 Finite State Machine(s).
	inferred 115 D-type flip-flop(s).
	inferred   5 Adder/Subtractor(s).
	inferred   9 Comparator(s).
	inferred  32 Multiplexer(s).
Unit <framing> synthesized.


Synthesizing Unit <miim>.
    Related source file is "/home/ise/ISE_146/ethernet/ethernet_mac/miim.vhd".
    Found finite state machine <FSM_5> for signal <state>.
    -----------------------------------------------------------------------
    | States             | 9                                              |
    | Transitions        | 15                                             |
    | Inputs             | 4                                              |
    | Outputs            | 10                                             |
    | Clock              | clock_i                   (rising_edge)        |
    | Clock enable       | state$not0000             (negative)           |
    | Reset              | reset_i                   (positive)           |
    | Reset type         | synchronous                                    |
    | Reset State        | idle                                           |
    | Power Up State     | idle                                           |
    | Encoding           | automatic                                      |
    | Implementation     | LUT                                            |
    -----------------------------------------------------------------------
    Found 1-bit tristate buffer for signal <mdio_io>.
    Found 16-bit register for signal <data_read_o>.
    Found 1-bit 46-to-1 multiplexer for signal <$varindex0000> created at line 111.
    Found 5-bit up counter for signal <clock_divide_counter>.
    Found 6-bit register for signal <command_bit_position>.
    Found 6-bit adder for signal <command_bit_position$addsub0000> created at line 167.
    Found 5-bit register for signal <data_bit_position>.
    Found 5-bit subtractor for signal <data_bit_position$addsub0000> created at line 189.
    Found 5-bit comparator greatequal for signal <mdc_o$cmp_ge0000> created at line 93.
    Summary:
	inferred   1 Finite State Machine(s).
	inferred   1 Counter(s).
	inferred  27 D-type flip-flop(s).
	inferred   2 Adder/Subtractor(s).
	inferred   1 Comparator(s).
	inferred   1 Multiplexer(s).
	inferred   1 Tristate(s).
Unit <miim> synthesized.


Synthesizing Unit <miim_control>.
    Related source file is "/home/ise/ISE_146/ethernet/ethernet_mac/miim_control.vhd".
WARNING:Xst:646 - Signal <init_done<0>> is assigned but never used. This unconnected signal will be trimmed during the optimization process.
    Using one-hot encoding for signal <state>.
    Found 1-bit register for signal <link_up_o>.
    Found 16-bit register for signal <miim_data_write_o>.
    Found 1-bit register for signal <miim_we_o>.
    Found 8-bit register for signal <debug_fifo_write_data_o>.
    Found 2-bit register for signal <speed_o>.
    Found 1-bit register for signal <debug_fifo_we_o>.
    Found 1-bit register for signal <miim_req_o>.
    Found 14-bit register for signal <after_ack_state>.
    Found 1-bit register for signal <lp_supports_10>.
    Found 1-bit register for signal <lp_supports_100>.
    Found 24-bit up counter for signal <poll_wait_counter>.
    Found 5-bit register for signal <register_address>.
    Found 5-bit adder for signal <register_address$addsub0000> created at line 261.
    Found 22-bit up counter for signal <reset_wait_counter>.
    Found 14-bit register for signal <state>.
    Summary:
	inferred   2 Counter(s).
	inferred  65 D-type flip-flop(s).
	inferred   1 Adder/Subtractor(s).
Unit <miim_control> synthesized.


Synthesizing Unit <ethernet>.
    Related source file is "/home/ise/ISE_146/ethernet/ethernet_mac/ethernet.vhd".
WARNING:Xst:1305 - Output <rgmii_tx_ctl_o> is never assigned. Tied to value 0.
WARNING:Xst:647 - Input <rgmii_rx_ctl_i> is never used. This port will be preserved and left unconnected if it belongs to a top-level block or it belongs to a sub-block and the hierarchy of this sub-block is preserved.
Unit <ethernet> synthesized.


Synthesizing Unit <top>.
    Related source file is "/home/ise/ISE_146/ethernet/top.vhd".
WARNING:Xst:646 - Signal <s_speed> is assigned but never used. This unconnected signal will be trimmed during the optimization process.
WARNING:Xst:646 - Signal <s_mii_txd_8bit<7:4>> is assigned but never used. This unconnected signal will be trimmed during the optimization process.
WARNING:Xst:653 - Signal <s_chipscope_trig<3:0>> is used but never assigned. This sourceless signal will be automatically connected to value 0000.
Unit <top> synthesized.


=========================================================================
HDL Synthesis Report

Macro Statistics
# Adders/Subtractors                                   : 11
 11-bit adder                                          : 1
 26-bit adder                                          : 1
 3-bit adder                                           : 2
 4-bit adder                                           : 2
 5-bit adder                                           : 2
 5-bit subtractor                                      : 1
 6-bit adder                                           : 1
 7-bit subtractor                                      : 1
# Counters                                             : 5
 10-bit up counter                                     : 1
 22-bit up counter                                     : 1
 24-bit up counter                                     : 1
 26-bit down counter                                   : 1
 5-bit up counter                                      : 1
# Registers                                            : 78
 1-bit register                                        : 57
 11-bit register                                       : 1
 14-bit register                                       : 2
 16-bit register                                       : 1
 2-bit register                                        : 2
 26-bit register                                       : 1
 3-bit register                                        : 2
 32-bit register                                       : 2
 4-bit register                                        : 2
 5-bit register                                        : 2
 6-bit register                                        : 1
 7-bit register                                        : 1
 8-bit register                                        : 4
# Comparators                                          : 15
 11-bit comparator greater                             : 1
 11-bit comparator less                                : 2
 2-bit comparator not equal                            : 1
 26-bit comparator greater                             : 1
 26-bit comparator less                                : 1
 3-bit comparator less                                 : 3
 4-bit comparator less                                 : 2
 5-bit comparator greatequal                           : 1
 7-bit comparator greater                              : 1
 7-bit comparator lessequal                            : 1
 8-bit comparator not equal                            : 1
# Multiplexers                                         : 2
 1-bit 46-to-1 multiplexer                             : 1
 32-bit 4-to-1 multiplexer                             : 1
# Tristates                                            : 1
 1-bit tristate buffer                                 : 1
# Xors                                                 : 16
 1-bit xor2                                            : 16

=========================================================================

=========================================================================
*                       Advanced HDL Synthesis                          *
=========================================================================

Analyzing FSM <FSM_5> for best encoding.
Optimizing FSM <ethernet_inst/miim_gen.miim_inst/state/FSM> on signal <state[1:9]> with one-hot encoding.
--------------------------------------
 State                   | Encoding
--------------------------------------
 idle                    | 000000001
 tx_command              | 000000010
 rx_turnaround_z         | 000000100
 rx_turnaround_z_readlow | 000010000
 rx_data                 | 000100000
 tx_turnaround_high      | 000001000
 tx_turnaround_low       | 001000000
 tx_data                 | 010000000
 done                    | 100000000
--------------------------------------
Analyzing FSM <FSM_4> for best encoding.
Optimizing FSM <ethernet_inst/framing_inst/tx_state/FSM> on signal <tx_state[1:4]> with sequential encoding.
------------------------------------------------
 State                              | Encoding
------------------------------------------------
 tx_idle                            | 0000
 tx_preamble2                       | 0001
 tx_preamble3                       | 0010
 tx_preamble4                       | 0011
 tx_preamble5                       | 0100
 tx_preamble6                       | 0101
 tx_preamble7                       | 0110
 tx_start_frame_delimiter           | 0111
 tx_client_data_wait_source_address | 1000
 tx_source_address                  | 1010
 tx_client_data                     | 1011
 tx_pad                             | 1001
 tx_frame_check_sequence2           | 1100
 tx_frame_check_sequence3           | 1101
 tx_frame_check_sequence4           | 1110
 tx_interpacket_gap                 | 1111
------------------------------------------------
Analyzing FSM <FSM_3> for best encoding.
Optimizing FSM <ethernet_inst/framing_inst/rx_state/FSM> on signal <rx_state[1:2]> with sequential encoding.
-------------------------------------------
 State                         | Encoding
-------------------------------------------
 rx_wait_start_frame_delimiter | 00
 rx_data                       | 10
 rx_error                      | 11
 rx_skip_frame                 | 01
-------------------------------------------
Analyzing FSM <FSM_2> for best encoding.
Optimizing FSM <ethernet_inst/mii_gmii_inst/tx_state/FSM> on signal <tx_state[1:2]> with gray encoding.
----------------------------
 State          | Encoding
----------------------------
 tx_init        | 00
 tx_gmii        | 01
 tx_mii_lo_quad | 11
 tx_mii_hi_quad | 10
----------------------------
Analyzing FSM <FSM_1> for best encoding.
Optimizing FSM <ethernet_inst/mii_gmii_inst/rx_state/FSM> on signal <rx_state[1:2]> with gray encoding.
----------------------------
 State          | Encoding
----------------------------
 rx_init        | 00
 rx_gmii        | 01
 rx_mii_lo_quad | 11
 rx_mii_hi_quad | 10
----------------------------
Analyzing FSM <FSM_0> for best encoding.
Optimizing FSM <switch_driver_inst/s_tx_state/FSM> on signal <s_tx_state[1:7]> with one-hot encoding.
----------------------------
 State          | Encoding
----------------------------
 idle           | 0000001
 wait_timer     | 0000010
 send_dest_mac  | 0000100
 send_src_mac   | 0001000
 send_ethertype | 0010000
 send_payload   | 0100000
 done           | 1000000
----------------------------
Reading core <ipcore_dir/con.ngc>.
Reading core <ipcore_dir/ila.ngc>.
Loading core <con> for timing and area information for instance <chipscope_icon_inst>.
Loading core <ila> for timing and area information for instance <chipscope_ila_inst>.
WARNING:Xst:1710 - FF/Latch <miim_data_write_o_1> (without init value) has a constant value of 0 in block <miim_gen.miim_control_inst>. This FF/Latch will be trimmed during the optimization process.
WARNING:Xst:1710 - FF/Latch <miim_data_write_o_2> (without init value) has a constant value of 0 in block <miim_gen.miim_control_inst>. This FF/Latch will be trimmed during the optimization process.
WARNING:Xst:1710 - FF/Latch <miim_data_write_o_3> (without init value) has a constant value of 0 in block <miim_gen.miim_control_inst>. This FF/Latch will be trimmed during the optimization process.
WARNING:Xst:1710 - FF/Latch <miim_data_write_o_4> (without init value) has a constant value of 0 in block <miim_gen.miim_control_inst>. This FF/Latch will be trimmed during the optimization process.
WARNING:Xst:1710 - FF/Latch <miim_data_write_o_5> (without init value) has a constant value of 0 in block <miim_gen.miim_control_inst>. This FF/Latch will be trimmed during the optimization process.
WARNING:Xst:1710 - FF/Latch <miim_data_write_o_7> (without init value) has a constant value of 0 in block <miim_gen.miim_control_inst>. This FF/Latch will be trimmed during the optimization process.
WARNING:Xst:1710 - FF/Latch <miim_data_write_o_10> (without init value) has a constant value of 0 in block <miim_gen.miim_control_inst>. This FF/Latch will be trimmed during the optimization process.
WARNING:Xst:1710 - FF/Latch <miim_data_write_o_11> (without init value) has a constant value of 0 in block <miim_gen.miim_control_inst>. This FF/Latch will be trimmed during the optimization process.
WARNING:Xst:1710 - FF/Latch <miim_data_write_o_13> (without init value) has a constant value of 0 in block <miim_gen.miim_control_inst>. This FF/Latch will be trimmed during the optimization process.
WARNING:Xst:1710 - FF/Latch <miim_data_write_o_14> (without init value) has a constant value of 0 in block <miim_gen.miim_control_inst>. This FF/Latch will be trimmed during the optimization process.
WARNING:Xst:2677 - Node <mii_txd_o_4> of sequential type is unconnected in block <mii_gmii_inst>.
WARNING:Xst:2677 - Node <mii_txd_o_5> of sequential type is unconnected in block <mii_gmii_inst>.
WARNING:Xst:2677 - Node <mii_txd_o_6> of sequential type is unconnected in block <mii_gmii_inst>.
WARNING:Xst:2677 - Node <mii_txd_o_7> of sequential type is unconnected in block <mii_gmii_inst>.

=========================================================================
Advanced HDL Synthesis Report

Macro Statistics
# FSMs                                                 : 6
# Adders/Subtractors                                   : 11
 11-bit adder                                          : 1
 26-bit adder                                          : 1
 3-bit adder                                           : 2
 4-bit adder                                           : 2
 5-bit adder                                           : 2
 5-bit subtractor                                      : 1
 6-bit adder                                           : 1
 7-bit subtractor                                      : 1
# Counters                                             : 5
 10-bit up counter                                     : 1
 22-bit up counter                                     : 1
 24-bit up counter                                     : 1
 26-bit down counter                                   : 1
 5-bit up counter                                      : 1
# Registers                                            : 275
 Flip-Flops                                            : 275
# Comparators                                          : 15
 11-bit comparator greater                             : 1
 11-bit comparator less                                : 2
 2-bit comparator not equal                            : 1
 26-bit comparator greater                             : 1
 26-bit comparator less                                : 1
 3-bit comparator less                                 : 3
 4-bit comparator less                                 : 2
 5-bit comparator greatequal                           : 1
 7-bit comparator greater                              : 1
 7-bit comparator lessequal                            : 1
 8-bit comparator not equal                            : 1
# Multiplexers                                         : 2
 1-bit 46-to-1 multiplexer                             : 1
 32-bit 4-to-1 multiplexer                             : 1
# Xors                                                 : 16
 1-bit xor2                                            : 16

=========================================================================

=========================================================================
*                         Low Level Synthesis                           *
=========================================================================
WARNING:Xst:1710 - FF/Latch <miim_data_write_o_1> (without init value) has a constant value of 0 in block <miim_control>. This FF/Latch will be trimmed during the optimization process.
WARNING:Xst:1895 - Due to other FF/Latch trimming, FF/Latch <miim_data_write_o_2> (without init value) has a constant value of 0 in block <miim_control>. This FF/Latch will be trimmed during the optimization process.
WARNING:Xst:1895 - Due to other FF/Latch trimming, FF/Latch <miim_data_write_o_3> (without init value) has a constant value of 0 in block <miim_control>. This FF/Latch will be trimmed during the optimization process.
WARNING:Xst:1895 - Due to other FF/Latch trimming, FF/Latch <miim_data_write_o_4> (without init value) has a constant value of 0 in block <miim_control>. This FF/Latch will be trimmed during the optimization process.
WARNING:Xst:1895 - Due to other FF/Latch trimming, FF/Latch <miim_data_write_o_5> (without init value) has a constant value of 0 in block <miim_control>. This FF/Latch will be trimmed during the optimization process.
WARNING:Xst:1895 - Due to other FF/Latch trimming, FF/Latch <miim_data_write_o_7> (without init value) has a constant value of 0 in block <miim_control>. This FF/Latch will be trimmed during the optimization process.
WARNING:Xst:1895 - Due to other FF/Latch trimming, FF/Latch <miim_data_write_o_10> (without init value) has a constant value of 0 in block <miim_control>. This FF/Latch will be trimmed during the optimization process.
WARNING:Xst:1895 - Due to other FF/Latch trimming, FF/Latch <miim_data_write_o_11> (without init value) has a constant value of 0 in block <miim_control>. This FF/Latch will be trimmed during the optimization process.
WARNING:Xst:1895 - Due to other FF/Latch trimming, FF/Latch <miim_data_write_o_13> (without init value) has a constant value of 0 in block <miim_control>. This FF/Latch will be trimmed during the optimization process.
WARNING:Xst:1895 - Due to other FF/Latch trimming, FF/Latch <miim_data_write_o_14> (without init value) has a constant value of 0 in block <miim_control>. This FF/Latch will be trimmed during the optimization process.
WARNING:Xst:1293 - FF/Latch <after_ack_state_1> has a constant value of 0 in block <miim_control>. This FF/Latch will be trimmed during the optimization process.
WARNING:Xst:1896 - Due to other FF/Latch trimming, FF/Latch <after_ack_state_5> has a constant value of 0 in block <miim_control>. This FF/Latch will be trimmed during the optimization process.
WARNING:Xst:1896 - Due to other FF/Latch trimming, FF/Latch <after_ack_state_9> has a constant value of 0 in block <miim_control>. This FF/Latch will be trimmed during the optimization process.
WARNING:Xst:1896 - Due to other FF/Latch trimming, FF/Latch <after_ack_state_10> has a constant value of 0 in block <miim_control>. This FF/Latch will be trimmed during the optimization process.
WARNING:Xst:1896 - Due to other FF/Latch trimming, FF/Latch <after_ack_state_11> has a constant value of 0 in block <miim_control>. This FF/Latch will be trimmed during the optimization process.
WARNING:Xst:1896 - Due to other FF/Latch trimming, FF/Latch <after_ack_state_12> has a constant value of 0 in block <miim_control>. This FF/Latch will be trimmed during the optimization process.
WARNING:Xst:1896 - Due to other FF/Latch trimming, FF/Latch <after_ack_state_13> has a constant value of 0 in block <miim_control>. This FF/Latch will be trimmed during the optimization process.

Optimizing unit <top> ...
WARNING:Xst:1293 - FF/Latch <ethernet_inst/miim_gen.miim_inst/data_bit_position_4> has a constant value of 0 in block <top>. This FF/Latch will be trimmed during the optimization process.
WARNING:Xst:1293 - FF/Latch <ethernet_inst/miim_gen.miim_inst/data_bit_position_4> has a constant value of 0 in block <top>. This FF/Latch will be trimmed during the optimization process.

Optimizing unit <switch_driver> ...
WARNING:Xst:1293 - FF/Latch <s_tx_byte_index_3> has a constant value of 0 in block <switch_driver>. This FF/Latch will be trimmed during the optimization process.
WARNING:Xst:1293 - FF/Latch <s_tx_byte_index_3> has a constant value of 0 in block <switch_driver>. This FF/Latch will be trimmed during the optimization process.

Optimizing unit <reset_generator> ...

Optimizing unit <mii_gmii> ...

Optimizing unit <framing> ...
WARNING:Xst:1293 - FF/Latch <tx_padding_required_6> has a constant value of 0 in block <framing>. This FF/Latch will be trimmed during the optimization process.
WARNING:Xst:1293 - FF/Latch <tx_padding_required_6> has a constant value of 0 in block <framing>. This FF/Latch will be trimmed during the optimization process.

Optimizing unit <miim_control> ...
WARNING:Xst:2677 - Node <ethernet_inst/miim_gen.miim_inst/data_read_o_10> of sequential type is unconnected in block <top>.
WARNING:Xst:2677 - Node <ethernet_inst/miim_gen.miim_inst/data_read_o_0> of sequential type is unconnected in block <top>.
WARNING:Xst:2677 - Node <ethernet_inst/miim_gen.miim_inst/data_read_o_13> of sequential type is unconnected in block <top>.
WARNING:Xst:2677 - Node <ethernet_inst/miim_gen.miim_inst/data_read_o_12> of sequential type is unconnected in block <top>.
WARNING:Xst:2677 - Node <ethernet_inst/miim_gen.miim_inst/data_read_o_1> of sequential type is unconnected in block <top>.
WARNING:Xst:2677 - Node <ethernet_inst/miim_gen.miim_inst/data_read_o_3> of sequential type is unconnected in block <top>.
WARNING:Xst:2677 - Node <ethernet_inst/miim_gen.miim_inst/data_read_o_14> of sequential type is unconnected in block <top>.
WARNING:Xst:2677 - Node <ethernet_inst/miim_gen.miim_inst/data_read_o_15> of sequential type is unconnected in block <top>.
WARNING:Xst:2677 - Node <ethernet_inst/miim_gen.miim_inst/data_read_o_4> of sequential type is unconnected in block <top>.
WARNING:Xst:2677 - Node <ethernet_inst/miim_gen.miim_inst/data_read_o_7> of sequential type is unconnected in block <top>.
WARNING:Xst:2677 - Node <ethernet_inst/miim_gen.miim_inst/data_read_o_9> of sequential type is unconnected in block <top>.
WARNING:Xst:2677 - Node <ethernet_inst/mii_gmii_inst/mii_txd_o_7> of sequential type is unconnected in block <top>.
WARNING:Xst:2677 - Node <ethernet_inst/mii_gmii_inst/mii_txd_o_6> of sequential type is unconnected in block <top>.
WARNING:Xst:2677 - Node <ethernet_inst/mii_gmii_inst/mii_txd_o_5> of sequential type is unconnected in block <top>.
WARNING:Xst:2677 - Node <ethernet_inst/mii_gmii_inst/mii_txd_o_4> of sequential type is unconnected in block <top>.
WARNING:Xst:2677 - Node <ethernet_inst/miim_gen.miim_control_inst/debug_fifo_write_data_o_7> of sequential type is unconnected in block <top>.
WARNING:Xst:2677 - Node <ethernet_inst/miim_gen.miim_control_inst/debug_fifo_write_data_o_6> of sequential type is unconnected in block <top>.
WARNING:Xst:2677 - Node <ethernet_inst/miim_gen.miim_control_inst/debug_fifo_write_data_o_5> of sequential type is unconnected in block <top>.
WARNING:Xst:2677 - Node <ethernet_inst/miim_gen.miim_control_inst/debug_fifo_write_data_o_4> of sequential type is unconnected in block <top>.
WARNING:Xst:2677 - Node <ethernet_inst/miim_gen.miim_control_inst/debug_fifo_write_data_o_3> of sequential type is unconnected in block <top>.
WARNING:Xst:2677 - Node <ethernet_inst/miim_gen.miim_control_inst/debug_fifo_write_data_o_2> of sequential type is unconnected in block <top>.
WARNING:Xst:2677 - Node <ethernet_inst/miim_gen.miim_control_inst/debug_fifo_write_data_o_1> of sequential type is unconnected in block <top>.
WARNING:Xst:2677 - Node <ethernet_inst/miim_gen.miim_control_inst/debug_fifo_write_data_o_0> of sequential type is unconnected in block <top>.
WARNING:Xst:2677 - Node <ethernet_inst/miim_gen.miim_control_inst/debug_fifo_we_o> of sequential type is unconnected in block <top>.

Mapping all equations...
Building and optimizing final netlist ...
Found area constraint ratio of 100 (+ 5) on block top, actual ratio is 16.
FlipFlop ethernet_inst/framing_inst/tx_state_FSM_FFd2 has been replicated 1 time(s)
FlipFlop switch_driver_inst/o_tx_enable has been replicated 1 time(s)

Final Macro Processing ...

=========================================================================
Final Register Report

Macro Statistics
# Registers                                            : 347
 Flip-Flops                                            : 347

=========================================================================

=========================================================================
*                           Partition Report                            *
=========================================================================

Partition Implementation Status
-------------------------------

  No Partitions were found in this design.

-------------------------------

=========================================================================
*                            Final Report                               *
=========================================================================
Final Results
RTL Top Level Output File Name     : top.ngr
Top Level Output File Name         : top
Output Format                      : NGC
Optimization Goal                  : Speed
Keep Hierarchy                     : No

Design Statistics
# IOs                              : 30

Cell Usage :
# BELS                             : 1559
#      GND                         : 3
#      INV                         : 51
#      LUT1                        : 142
#      LUT2                        : 90
#      LUT2_D                      : 6
#      LUT2_L                      : 10
#      LUT3                        : 156
#      LUT3_D                      : 6
#      LUT3_L                      : 11
#      LUT4                        : 515
#      LUT4_D                      : 24
#      LUT4_L                      : 44
#      MUXCY                       : 154
#      MUXCY_L                     : 74
#      MUXF5                       : 86
#      MUXF6                       : 9
#      VCC                         : 3
#      XORCY                       : 175
# FlipFlops/Latches                : 671
#      FD                          : 45
#      FDC                         : 10
#      FDCE                        : 30
#      FDE                         : 207
#      FDP                         : 41
#      FDPE                        : 66
#      FDR                         : 86
#      FDRE                        : 142
#      FDRS                        : 14
#      FDRSE                       : 14
#      FDS                         : 12
#      FDSE                        : 3
#      LDC                         : 1
# RAMS                             : 5
#      RAMB16_S1_S9                : 5
# Shift Registers                  : 99
#      SRL16                       : 32
#      SRL16E                      : 1
#      SRLC16E                     : 66
# Clock Buffers                    : 4
#      BUFG                        : 3
#      BUFGP                       : 1
# IO Buffers                       : 29
#      IBUF                        : 13
#      IOBUF                       : 1
#      OBUF                        : 15
# Others                           : 1
#      BSCAN_SPARTAN3              : 1
=========================================================================

Device utilization summary:
---------------------------

Selected Device : 3s500efg320-4 

 Number of Slices:                      732  out of   4656    15%  
 Number of Slice Flip Flops:            671  out of   9312     7%  
 Number of 4 input LUTs:               1154  out of   9312    12%  
    Number used as logic:              1055
    Number used as Shift registers:      99
 Number of IOs:                          30
 Number of bonded IOBs:                  30  out of    232    12%  
 Number of BRAMs:                         5  out of     20    25%  
 Number of GCLKs:                         4  out of     24    16%  

---------------------------
Partition Resource Summary:
---------------------------

  No Partitions were found in this design.

---------------------------


=========================================================================
TIMING REPORT

NOTE: THESE TIMING NUMBERS ARE ONLY A SYNTHESIS ESTIMATE.
      FOR ACCURATE TIMING INFORMATION PLEASE REFER TO THE TRACE REPORT
      GENERATED AFTER PLACE-and-ROUTE.

Clock Information:
------------------
----------------------------------------------------------------------------------------------------+---------------------------------------------------------------+-------+
Clock Signal                                                                                        | Clock buffer(FF name)                                         | Load  |
----------------------------------------------------------------------------------------------------+---------------------------------------------------------------+-------+
chipscope_icon_inst/U0/U_ICON/I_YES_BSCAN.U_BS/DRCK1                                                | BUFG                                                          | 154   |
chipscope_icon_inst/U0/iUPDATE_OUT                                                                  | NONE(chipscope_icon_inst/U0/U_ICON/U_iDATA_CMD)               | 1     |
MII_RX_CLK                                                                                          | BUFGP                                                         | 379   |
chipscope_icon_inst/CONTROL0<13>(chipscope_icon_inst/U0/U_ICON/U_CTRL_OUT/F_NCP[0].F_CMD[9].U_LCE:O)| NONE(*)(chipscope_ila_inst/U0/I_NO_D.U_ILA/U_STAT/U_DIRTY_LDC)| 1     |
i_clk_50mhz                                                                                         | IBUF+BUFG                                                     | 128   |
s_tx_clock1(ethernet_inst/mii_gmii_io_inst/clock_tx_o1:O)                                           | BUFG(*)(ethernet_inst/sync_tx_reset_inst/signal_tmp)          | 117   |
----------------------------------------------------------------------------------------------------+---------------------------------------------------------------+-------+
(*) These 2 clock signal(s) are generated by combinatorial logic,
and XST is not able to identify which are the primary clock signals.
Please use the CLOCK_SIGNAL constraint to specify the clock signal(s) generated by combinatorial logic.
INFO:Xst:2169 - HDL ADVISOR - Some clock signals were not automatically buffered by XST with BUFG/BUFR resources. Please use the buffer_type constraint in order to insert these buffers to the clock signals to help prevent skew problems.

Asynchronous Control Signals Information:
----------------------------------------
-------------------------------------------------------------------------------------------------------------------------------+--------------------------------------------------------------------------------------------------------------------------------+-------+
Control Signal                                                                                                                 | Buffer(FF name)                                                                                                                | Load  |
-------------------------------------------------------------------------------------------------------------------------------+--------------------------------------------------------------------------------------------------------------------------------+-------+
chipscope_icon_inst/CONTROL0<20>(chipscope_icon_inst/U0/U_ICON/U_CTRL_OUT/F_NCP[0].F_CMD[0].U_HCE:O)                           | NONE(chipscope_ila_inst/U0/I_NO_D.U_ILA/U_TRIG/U_TM/G_NMU[0].U_M/U_MU/I_MUT_GANDX.U_match/I_SRL16.U_GANDX_SRL16/F_TW[0].U_TREG)| 64    |
chipscope_ila_inst/N0(chipscope_ila_inst/XST_GND:G)                                                                            | NONE(chipscope_ila_inst/U0/I_NO_D.U_ILA/U_RST/U_POR)                                                                           | 33    |
chipscope_icon_inst/U0/U_ICON/U_CMD/iSEL_n(chipscope_icon_inst/U0/U_ICON/U_CMD/U_SEL_n:O)                                      | NONE(chipscope_icon_inst/U0/U_ICON/U_CMD/G_TARGET[10].I_NE0.U_TARGET)                                                          | 10    |
ethernet_inst/sync_tx_reset_inst/signal_o(ethernet_inst/sync_tx_reset_inst/signal_o:Q)                                         | NONE(ethernet_inst/framing_inst/mii_tx_enable_o)                                                                               | 10    |
ethernet_inst/sync_rx_reset_inst/signal_o(ethernet_inst/sync_rx_reset_inst/signal_o:Q)                                         | NONE(ethernet_inst/framing_inst/rx_state_FSM_FFd1)                                                                             | 5     |
chipscope_ila_inst/U0/I_NO_D.U_ILA/U_RST/U_ARM_XFER/iCLR(chipscope_ila_inst/U0/I_NO_D.U_ILA/U_RST/U_ARM_XFER/U_CLEAR:O)        | NONE(chipscope_ila_inst/U0/I_NO_D.U_ILA/U_RST/U_ARM_XFER/U_DOUT0)                                                              | 4     |
chipscope_ila_inst/U0/I_NO_D.U_ILA/U_RST/U_HALT_XFER/iCLR(chipscope_ila_inst/U0/I_NO_D.U_ILA/U_RST/U_HALT_XFER/U_CLEAR:O)      | NONE(chipscope_ila_inst/U0/I_NO_D.U_ILA/U_RST/U_HALT_XFER/U_DOUT0)                                                             | 4     |
chipscope_ila_inst/U0/I_NO_D.U_ILA/U_STAT/U_DSL1/iCLR(chipscope_ila_inst/U0/I_NO_D.U_ILA/U_STAT/U_DSL1/U_CLEAR:O)              | NONE(chipscope_ila_inst/U0/I_NO_D.U_ILA/U_STAT/U_DSL1/U_DOUT0)                                                                 | 4     |
ethernet_inst/reset_generator_inst/reset_o(ethernet_inst/reset_generator_inst/reset_o:Q)                                       | NONE(ethernet_inst/sync_rx_reset_inst/signal_o)                                                                                | 4     |
s_reset(s_reset1_INV_0:O)                                                                                                      | NONE(ethernet_inst/reset_generator_inst/last_speed_0)                                                                          | 4     |
chipscope_ila_inst/U0/I_NO_D.U_ILA/iARM(chipscope_ila_inst/U0/I_NO_D.U_ILA/U_RST/U_ARM_XFER/U_GEN_DELAY[3].U_FD:Q)             | NONE(chipscope_ila_inst/U0/I_NO_D.U_ILA/U_STAT/U_DIRTY_FDCE)                                                                   | 2     |
chipscope_icon_inst/CONTROL0<13>(chipscope_icon_inst/U0/U_ICON/U_CTRL_OUT/F_NCP[0].F_CMD[9].U_LCE:O)                           | NONE(chipscope_ila_inst/U0/I_NO_D.U_ILA/U_STAT/U_DIRTY_FDPE)                                                                   | 1     |
chipscope_icon_inst/U0/U_ICON/iSEL_n(chipscope_icon_inst/U0/U_ICON/U_iSEL_n:O)                                                 | NONE(chipscope_icon_inst/U0/U_ICON/U_iDATA_CMD)                                                                                | 1     |
chipscope_ila_inst/U0/I_NO_D.U_ILA/U_STAT/ACTRESET_pulse(chipscope_ila_inst/U0/I_NO_D.U_ILA/U_STAT/U_RESET_EDGE/I_H2L.U_DOUT:Q)| NONE(chipscope_ila_inst/U0/I_NO_D.U_ILA/U_STAT/U_RISING)                                                                       | 1     |
chipscope_ila_inst/U0/I_NO_D.U_ILA/iRESET<1>(chipscope_ila_inst/U0/I_NO_D.U_ILA/U_RST/G_RST[1].U_RST:Q)                        | NONE(chipscope_ila_inst/U0/I_NO_D.U_ILA/U_TRIG/U_TM/G_NMU[0].U_M/U_MU/I_OREG.I_YES_OREG.U_OREG)                                | 1     |
-------------------------------------------------------------------------------------------------------------------------------+--------------------------------------------------------------------------------------------------------------------------------+-------+

Timing Summary:
---------------
Speed Grade: -4

   Minimum period: 9.826ns (Maximum Frequency: 101.770MHz)
   Minimum input arrival time before clock: 8.201ns
   Maximum output required time after clock: 10.474ns
   Maximum combinational path delay: 5.021ns

Timing Detail:
--------------
All values displayed in nanoseconds (ns)

=========================================================================
Timing constraint: Default period analysis for Clock 'chipscope_icon_inst/U0/U_ICON/I_YES_BSCAN.U_BS/DRCK1'
  Clock period: 9.302ns (frequency: 107.501MHz)
  Total number of paths / destination ports: 2623 / 363
-------------------------------------------------------------------------
Delay:               9.302ns (Levels of Logic = 5)
  Source:            chipscope_icon_inst/U0/U_ICON/U_CMD/G_TARGET[12].I_NE0.U_TARGET (FF)
  Destination:       chipscope_ila_inst/U0/I_NO_D.U_ILA/U_CAPSTOR/I_CASE1.I_NO_TB.I_RT1.I_RDADDR/U_HC/G[13].U_FDRE (FF)
  Source Clock:      chipscope_icon_inst/U0/U_ICON/I_YES_BSCAN.U_BS/DRCK1 rising
  Destination Clock: chipscope_icon_inst/U0/U_ICON/I_YES_BSCAN.U_BS/DRCK1 rising

  Data Path: chipscope_icon_inst/U0/U_ICON/U_CMD/G_TARGET[12].I_NE0.U_TARGET to chipscope_ila_inst/U0/I_NO_D.U_ILA/U_CAPSTOR/I_CASE1.I_NO_TB.I_RT1.I_RDADDR/U_HC/G[13].U_FDRE
                                Gate     Net
    Cell:in->out      fanout   Delay   Delay  Logical Name (Net Name)
    ----------------------------------------  ------------
     FDCE:C->Q            19   0.591   1.260  U0/U_ICON/U_CMD/G_TARGET[12].I_NE0.U_TARGET (U0/U_ICON/iCORE_ID<0>)
     LUT4:I0->O           32   0.704   1.297  U0/U_ICON/U_CMD/U_CORE_ID_SEL/I4.FI[0].U_LUT (U0/U_ICON/iCORE_ID_SEL<0>)
     LUT4:I2->O           15   0.704   1.021  U0/U_ICON/U_CTRL_OUT/F_NCP[0].F_CMD[10].U_LCE (CONTROL0<14>)
     end scope: 'chipscope_icon_inst'
     begin scope: 'chipscope_ila_inst'
     LUT4:I3->O            4   0.704   0.762  U0/I_NO_D.U_ILA/U_CAPSTOR/I_CASE1.I_NO_TB.I_RT1.I_RDADDR/I_NI_GT_1.I3.U_LUT (U0/I_NO_D.U_ILA/U_CAPSTOR/I_CASE1.I_NO_TB.I_RT1.I_RDADDR/lowAddr_rst)
     LUT2:I0->O           14   0.704   1.000  U0/I_NO_D.U_ILA/U_CAPSTOR/I_CASE1.I_NO_TB.I_RT1.I_RDADDR/I_NI_GT_1.U_highAddr_ce (U0/I_NO_D.U_ILA/U_CAPSTOR/I_CASE1.I_NO_TB.I_RT1.I_RDADDR/highAddr_ce)
     FDRE:CE                   0.555          U0/I_NO_D.U_ILA/U_CAPSTOR/I_CASE1.I_NO_TB.I_RT1.I_RDADDR/U_HC/G[13].U_FDRE
    ----------------------------------------
    Total                      9.302ns (3.962ns logic, 5.340ns route)
                                       (42.6% logic, 57.4% route)

=========================================================================
Timing constraint: Default period analysis for Clock 'chipscope_icon_inst/U0/iUPDATE_OUT'
  Clock period: 2.554ns (frequency: 391.543MHz)
  Total number of paths / destination ports: 1 / 1
-------------------------------------------------------------------------
Delay:               2.554ns (Levels of Logic = 1)
  Source:            chipscope_icon_inst/U0/U_ICON/U_iDATA_CMD (FF)
  Destination:       chipscope_icon_inst/U0/U_ICON/U_iDATA_CMD (FF)
  Source Clock:      chipscope_icon_inst/U0/iUPDATE_OUT rising
  Destination Clock: chipscope_icon_inst/U0/iUPDATE_OUT rising

  Data Path: chipscope_icon_inst/U0/U_ICON/U_iDATA_CMD to chipscope_icon_inst/U0/U_ICON/U_iDATA_CMD
                                Gate     Net
    Cell:in->out      fanout   Delay   Delay  Logical Name (Net Name)
    ----------------------------------------  ------------
     FDC:C->Q              3   0.591   0.531  U0/U_ICON/U_iDATA_CMD (U0/U_ICON/iDATA_CMD)
     INV:I->O              1   0.704   0.420  U0/U_ICON/U_iDATA_CMD_n (U0/U_ICON/iDATA_CMD_n)
     FDC:D                     0.308          U0/U_ICON/U_iDATA_CMD
    ----------------------------------------
    Total                      2.554ns (1.603ns logic, 0.951ns route)
                                       (62.8% logic, 37.2% route)

=========================================================================
Timing constraint: Default period analysis for Clock 'MII_RX_CLK'
  Clock period: 7.136ns (frequency: 140.135MHz)
  Total number of paths / destination ports: 2980 / 679
-------------------------------------------------------------------------
Delay:               7.136ns (Levels of Logic = 5)
  Source:            ethernet_inst/framing_inst/rx_mac_address_byte_1 (FF)
  Destination:       ethernet_inst/framing_inst/rx_state_FSM_FFd2 (FF)
  Source Clock:      MII_RX_CLK rising
  Destination Clock: MII_RX_CLK rising

  Data Path: ethernet_inst/framing_inst/rx_mac_address_byte_1 to ethernet_inst/framing_inst/rx_state_FSM_FFd2
                                Gate     Net
    Cell:in->out      fanout   Delay   Delay  Logical Name (Net Name)
    ----------------------------------------  ------------
     FDE:C->Q             11   0.591   1.108  ethernet_inst/framing_inst/rx_mac_address_byte_1 (ethernet_inst/framing_inst/rx_mac_address_byte_1)
     LUT4:I0->O            1   0.704   0.455  ethernet_inst/framing_inst/rx_state_FSM_FFd2-In189 (ethernet_inst/framing_inst/rx_state_FSM_FFd2-In189)
     LUT3_L:I2->LO         1   0.704   0.275  ethernet_inst/framing_inst/rx_state_FSM_FFd2-In237_SW0 (N361)
     LUT4:I0->O            1   0.704   0.455  ethernet_inst/framing_inst/rx_state_FSM_FFd2-In237 (ethernet_inst/framing_inst/rx_state_FSM_FFd2-In237)
     LUT4:I2->O            1   0.704   0.424  ethernet_inst/framing_inst/rx_state_FSM_FFd2-In334 (ethernet_inst/framing_inst/rx_state_FSM_FFd2-In334)
     LUT4:I3->O            1   0.704   0.000  ethernet_inst/framing_inst/rx_state_FSM_FFd2-In372 (ethernet_inst/framing_inst/rx_state_FSM_FFd2-In)
     FDC:D                     0.308          ethernet_inst/framing_inst/rx_state_FSM_FFd2
    ----------------------------------------
    Total                      7.136ns (4.419ns logic, 2.717ns route)
                                       (61.9% logic, 38.1% route)

=========================================================================
Timing constraint: Default period analysis for Clock 'i_clk_50mhz'
  Clock period: 7.386ns (frequency: 135.393MHz)
  Total number of paths / destination ports: 3353 / 239
-------------------------------------------------------------------------
Delay:               7.386ns (Levels of Logic = 5)
  Source:            ethernet_inst/miim_gen.miim_control_inst/state_0 (FF)
  Destination:       ethernet_inst/miim_gen.miim_control_inst/after_ack_state_4 (FF)
  Source Clock:      i_clk_50mhz rising
  Destination Clock: i_clk_50mhz rising

  Data Path: ethernet_inst/miim_gen.miim_control_inst/state_0 to ethernet_inst/miim_gen.miim_control_inst/after_ack_state_4
                                Gate     Net
    Cell:in->out      fanout   Delay   Delay  Logical Name (Net Name)
    ----------------------------------------  ------------
     FDS:C->Q             31   0.591   1.297  ethernet_inst/miim_gen.miim_control_inst/state_0 (ethernet_inst/miim_gen.miim_control_inst/state_0)
     LUT4:I2->O            1   0.704   0.424  ethernet_inst/miim_gen.miim_control_inst/register_address_mux0000<3>1_SW0 (N155)
     LUT4_D:I3->LO         1   0.704   0.135  ethernet_inst/miim_gen.miim_control_inst/register_address_mux0000<3>1 (N471)
     LUT3:I2->O            8   0.704   0.836  ethernet_inst/miim_gen.miim_control_inst/after_ack_state_mux0000<2>1111 (ethernet_inst/miim_gen.miim_control_inst/N22)
     LUT4_L:I1->LO         1   0.704   0.275  ethernet_inst/miim_gen.miim_control_inst/after_ack_state_mux0000<4>20 (ethernet_inst/miim_gen.miim_control_inst/after_ack_state_mux0000<4>20)
     LUT2:I0->O            1   0.704   0.000  ethernet_inst/miim_gen.miim_control_inst/after_ack_state_mux0000<4>29 (ethernet_inst/miim_gen.miim_control_inst/after_ack_state_mux0000<4>)
     FDE:D                     0.308          ethernet_inst/miim_gen.miim_control_inst/after_ack_state_4
    ----------------------------------------
    Total                      7.386ns (4.419ns logic, 2.967ns route)
                                       (59.8% logic, 40.2% route)

=========================================================================
Timing constraint: Default period analysis for Clock 's_tx_clock1'
  Clock period: 9.826ns (frequency: 101.770MHz)
  Total number of paths / destination ports: 8846 / 238
-------------------------------------------------------------------------
Delay:               9.826ns (Levels of Logic = 7)
  Source:            ethernet_inst/framing_inst/tx_state_FSM_FFd4 (FF)
  Destination:       ethernet_inst/framing_inst/tx_frame_check_sequence_11 (FF)
  Source Clock:      s_tx_clock1 rising
  Destination Clock: s_tx_clock1 rising

  Data Path: ethernet_inst/framing_inst/tx_state_FSM_FFd4 to ethernet_inst/framing_inst/tx_frame_check_sequence_11
                                Gate     Net
    Cell:in->out      fanout   Delay   Delay  Logical Name (Net Name)
    ----------------------------------------  ------------
     FDCE:C->Q            60   0.591   1.306  ethernet_inst/framing_inst/tx_state_FSM_FFd4 (ethernet_inst/framing_inst/tx_state_FSM_FFd4)
     LUT4_D:I2->O          1   0.704   0.455  ethernet_inst/framing_inst/data_out_mux0004<3>210_SW3 (N277)
     LUT4:I2->O            1   0.704   0.424  ethernet_inst/framing_inst/data_out_mux0004<3>210 (ethernet_inst/framing_inst/N71)
     LUT4_L:I3->LO         1   0.704   0.104  ethernet_inst/framing_inst/data_out_mux0004<3>88 (ethernet_inst/framing_inst/data_out_mux0004<3>88)
     LUT4:I3->O           12   0.704   1.040  ethernet_inst/framing_inst/data_out_mux0004<3>120 (ethernet_inst/framing_inst/data_out_mux0004<3>)
     LUT2:I1->O            3   0.704   0.566  ethernet_inst/framing_inst/Mmux_tx_frame_check_sequence_mux00001031 (ethernet_inst/framing_inst/N81)
     LUT4_L:I2->LO         1   0.704   0.104  ethernet_inst/framing_inst/Mmux_tx_frame_check_sequence_mux000051_SW0_SW0_SW0 (N285)
     LUT4:I3->O            1   0.704   0.000  ethernet_inst/framing_inst/Mmux_tx_frame_check_sequence_mux000051 (ethernet_inst/framing_inst/tx_frame_check_sequence_mux0000<11>)
     FDE:D                     0.308          ethernet_inst/framing_inst/tx_frame_check_sequence_11
    ----------------------------------------
    Total                      9.826ns (5.827ns logic, 3.999ns route)
                                       (59.3% logic, 40.7% route)

=========================================================================
Timing constraint: Default OFFSET IN BEFORE for Clock 'chipscope_icon_inst/U0/U_ICON/I_YES_BSCAN.U_BS/DRCK1'
  Total number of paths / destination ports: 199 / 175
-------------------------------------------------------------------------
Offset:              8.201ns (Levels of Logic = 5)
  Source:            chipscope_icon_inst/U0/U_ICON/I_YES_BSCAN.U_BS/I_SPARTAN3.ISYN.I_USE_SOFTBSCAN_EQ0.I_3.U_BS:SHIFT (PAD)
  Destination:       chipscope_ila_inst/U0/I_NO_D.U_ILA/U_CAPSTOR/I_CASE1.I_NO_TB.I_RT1.I_RDADDR/U_HC/G[13].U_FDRE (FF)
  Destination Clock: chipscope_icon_inst/U0/U_ICON/I_YES_BSCAN.U_BS/DRCK1 rising

  Data Path: chipscope_icon_inst/U0/U_ICON/I_YES_BSCAN.U_BS/I_SPARTAN3.ISYN.I_USE_SOFTBSCAN_EQ0.I_3.U_BS:SHIFT to chipscope_ila_inst/U0/I_NO_D.U_ILA/U_CAPSTOR/I_CASE1.I_NO_TB.I_RT1.I_RDADDR/U_HC/G[13].U_FDRE
                                Gate     Net
    Cell:in->out      fanout   Delay   Delay  Logical Name (Net Name)
    ----------------------------------------  ------------
    BSCAN_SPARTAN3:SHIFT    3   0.000   0.610  U0/U_ICON/I_YES_BSCAN.U_BS/I_SPARTAN3.ISYN.I_USE_SOFTBSCAN_EQ0.I_3.U_BS (U0/iSHIFT_OUT)
     LUT2:I1->O           32   0.704   1.437  U0/U_ICON/U_CTRL_OUT/U_DATA_VALID (U0/U_ICON/U_CTRL_OUT/iDATA_VALID)
     LUT4:I0->O           15   0.704   1.021  U0/U_ICON/U_CTRL_OUT/F_NCP[0].F_CMD[10].U_LCE (CONTROL0<14>)
     end scope: 'chipscope_icon_inst'
     begin scope: 'chipscope_ila_inst'
     LUT4:I3->O            4   0.704   0.762  U0/I_NO_D.U_ILA/U_CAPSTOR/I_CASE1.I_NO_TB.I_RT1.I_RDADDR/I_NI_GT_1.I3.U_LUT (U0/I_NO_D.U_ILA/U_CAPSTOR/I_CASE1.I_NO_TB.I_RT1.I_RDADDR/lowAddr_rst)
     LUT2:I0->O           14   0.704   1.000  U0/I_NO_D.U_ILA/U_CAPSTOR/I_CASE1.I_NO_TB.I_RT1.I_RDADDR/I_NI_GT_1.U_highAddr_ce (U0/I_NO_D.U_ILA/U_CAPSTOR/I_CASE1.I_NO_TB.I_RT1.I_RDADDR/highAddr_ce)
     FDRE:CE                   0.555          U0/I_NO_D.U_ILA/U_CAPSTOR/I_CASE1.I_NO_TB.I_RT1.I_RDADDR/U_HC/G[13].U_FDRE
    ----------------------------------------
    Total                      8.201ns (3.371ns logic, 4.830ns route)
                                       (41.1% logic, 58.9% route)

=========================================================================
Timing constraint: Default OFFSET IN BEFORE for Clock 'MII_RX_CLK'
  Total number of paths / destination ports: 18 / 17
-------------------------------------------------------------------------
Offset:              2.898ns (Levels of Logic = 2)
  Source:            MII_RX_DV (PAD)
  Destination:       ethernet_inst/mii_gmii_inst/rx_state_FSM_FFd2 (FF)
  Destination Clock: MII_RX_CLK rising

  Data Path: MII_RX_DV to ethernet_inst/mii_gmii_inst/rx_state_FSM_FFd2
                                Gate     Net
    Cell:in->out      fanout   Delay   Delay  Logical Name (Net Name)
    ----------------------------------------  ------------
     IBUF:I->O             5   1.218   0.668  MII_RX_DV_IBUF (MII_RX_DV_IBUF)
     LUT3:I2->O            1   0.704   0.000  ethernet_inst/mii_gmii_inst/rx_frame_o_mux00021 (ethernet_inst/mii_gmii_inst/rx_frame_o_mux0002)
     FDE:D                     0.308          ethernet_inst/mii_gmii_inst/rx_frame_o
    ----------------------------------------
    Total                      2.898ns (2.230ns logic, 0.668ns route)
                                       (76.9% logic, 23.1% route)

=========================================================================
Timing constraint: Default OFFSET IN BEFORE for Clock 'i_clk_50mhz'
  Total number of paths / destination ports: 129 / 124
-------------------------------------------------------------------------
Offset:              5.990ns (Levels of Logic = 3)
  Source:            i_reset_n (PAD)
  Destination:       ethernet_inst/miim_gen.miim_control_inst/state_0 (FF)
  Destination Clock: i_clk_50mhz rising

  Data Path: i_reset_n to ethernet_inst/miim_gen.miim_control_inst/state_0
                                Gate     Net
    Cell:in->out      fanout   Delay   Delay  Logical Name (Net Name)
    ----------------------------------------  ------------
     IBUF:I->O            36   1.218   1.438  i_reset_n_IBUF (ethernet_inst/miim_gen.miim_control_inst/reset_i_inv)
     LUT4:I0->O            1   0.704   0.595  ethernet_inst/miim_gen.miim_control_inst/state_mux0000<13>110 (ethernet_inst/miim_gen.miim_control_inst/state_mux0000<13>110)
     LUT4:I0->O            1   0.704   0.420  ethernet_inst/miim_gen.miim_control_inst/state_mux0000<13>127 (ethernet_inst/miim_gen.miim_control_inst/state_mux0000<13>127)
     FDS:S                     0.911          ethernet_inst/miim_gen.miim_control_inst/state_0
    ----------------------------------------
    Total                      5.990ns (3.537ns logic, 2.453ns route)
                                       (59.0% logic, 41.0% route)

=========================================================================
Timing constraint: Default OFFSET IN BEFORE for Clock 's_tx_clock1'
  Total number of paths / destination ports: 4 / 4
-------------------------------------------------------------------------
Offset:              4.064ns (Levels of Logic = 3)
  Source:            SW<3> (PAD)
  Destination:       switch_driver_inst/o_tx_data_3 (FF)
  Destination Clock: s_tx_clock1 rising

  Data Path: SW<3> to switch_driver_inst/o_tx_data_3
                                Gate     Net
    Cell:in->out      fanout   Delay   Delay  Logical Name (Net Name)
    ----------------------------------------  ------------
     IBUF:I->O             3   1.218   0.535  SW_3_IBUF (SW_3_IBUF)
     LUT4:I3->O            1   0.704   0.595  switch_driver_inst/o_tx_data_3_mux00007 (switch_driver_inst/o_tx_data_3_mux00007)
     LUT2:I0->O            1   0.704   0.000  switch_driver_inst/o_tx_data_3_mux0000311 (switch_driver_inst/o_tx_data_3_mux000031)
     FDRS:D                    0.308          switch_driver_inst/o_tx_data_3
    ----------------------------------------
    Total                      4.064ns (2.934ns logic, 1.130ns route)
                                       (72.2% logic, 27.8% route)

=========================================================================
Timing constraint: Default OFFSET OUT AFTER for Clock 'i_clk_50mhz'
  Total number of paths / destination ports: 64 / 3
-------------------------------------------------------------------------
Offset:              10.474ns (Levels of Logic = 7)
  Source:            ethernet_inst/miim_gen.miim_inst/data_bit_position_0 (FF)
  Destination:       MDIO (PAD)
  Source Clock:      i_clk_50mhz rising

  Data Path: ethernet_inst/miim_gen.miim_inst/data_bit_position_0 to MDIO
                                Gate     Net
    Cell:in->out      fanout   Delay   Delay  Logical Name (Net Name)
    ----------------------------------------  ------------
     FDE:C->Q             16   0.591   1.113  ethernet_inst/miim_gen.miim_inst/data_bit_position_0 (ethernet_inst/miim_gen.miim_inst/data_bit_position_0)
     LUT4:I1->O            2   0.704   0.526  ethernet_inst/miim_gen.miim_inst/mdio_io_mux000046 (ethernet_inst/miim_gen.miim_inst/mdio_io_mux000046)
     LUT4:I1->O            1   0.704   0.000  ethernet_inst/miim_gen.miim_inst/mdio_io_mux000089_G (N428)
     MUXF5:I1->O           1   0.321   0.499  ethernet_inst/miim_gen.miim_inst/mdio_io_mux000089 (ethernet_inst/miim_gen.miim_inst/mdio_io_mux000089)
     LUT4:I1->O            1   0.704   0.595  ethernet_inst/miim_gen.miim_inst/mdio_io_mux0000120 (ethernet_inst/miim_gen.miim_inst/mdio_io_mux0000120)
     LUT4:I0->O            1   0.704   0.000  ethernet_inst/miim_gen.miim_inst/mdio_io_mux00001772 (ethernet_inst/miim_gen.miim_inst/mdio_io_mux00001771)
     MUXF5:I0->O           1   0.321   0.420  ethernet_inst/miim_gen.miim_inst/mdio_io_mux0000177_f5 (ethernet_inst/miim_gen.miim_inst/mdio_io_mux0000)
     IOBUF:I->IO               3.272          MDIO_IOBUF (MDIO)
    ----------------------------------------
    Total                     10.474ns (7.321ns logic, 3.153ns route)
                                       (69.9% logic, 30.1% route)

=========================================================================
Timing constraint: Default OFFSET OUT AFTER for Clock 's_tx_clock1'
  Total number of paths / destination ports: 5 / 5
-------------------------------------------------------------------------
Offset:              4.283ns (Levels of Logic = 1)
  Source:            ethernet_inst/mii_gmii_inst/mii_tx_en_o (FF)
  Destination:       MII_TX_EN (PAD)
  Source Clock:      s_tx_clock1 rising

  Data Path: ethernet_inst/mii_gmii_inst/mii_tx_en_o to MII_TX_EN
                                Gate     Net
    Cell:in->out      fanout   Delay   Delay  Logical Name (Net Name)
    ----------------------------------------  ------------
     FDC:C->Q              1   0.591   0.420  ethernet_inst/mii_gmii_inst/mii_tx_en_o (ethernet_inst/mii_gmii_inst/mii_tx_en_o)
     OBUF:I->O                 3.272          MII_TX_EN_OBUF (MII_TX_EN)
    ----------------------------------------
    Total                      4.283ns (3.863ns logic, 0.420ns route)
                                       (90.2% logic, 9.8% route)

=========================================================================
Timing constraint: Default OFFSET OUT AFTER for Clock 'MII_RX_CLK'
  Total number of paths / destination ports: 1 / 1
-------------------------------------------------------------------------
Offset:              4.283ns (Levels of Logic = 1)
  Source:            led_driver_inst/s_rx_activity (FF)
  Destination:       LED<7> (PAD)
  Source Clock:      MII_RX_CLK rising

  Data Path: led_driver_inst/s_rx_activity to LED<7>
                                Gate     Net
    Cell:in->out      fanout   Delay   Delay  Logical Name (Net Name)
    ----------------------------------------  ------------
     FDRSE:C->Q            1   0.591   0.420  led_driver_inst/s_rx_activity (led_driver_inst/s_rx_activity)
     OBUF:I->O                 3.272          LED_7_OBUF (LED<7>)
    ----------------------------------------
    Total                      4.283ns (3.863ns logic, 0.420ns route)
                                       (90.2% logic, 9.8% route)

=========================================================================
Timing constraint: Default OFFSET OUT AFTER for Clock 'chipscope_icon_inst/U0/U_ICON/I_YES_BSCAN.U_BS/DRCK1'
  Total number of paths / destination ports: 1 / 1
-------------------------------------------------------------------------
Offset:              0.591ns (Levels of Logic = 0)
  Source:            chipscope_icon_inst/U0/U_ICON/U_TDO_reg (FF)
  Destination:       chipscope_icon_inst/U0/U_ICON/I_YES_BSCAN.U_BS/I_SPARTAN3.ISYN.I_USE_SOFTBSCAN_EQ0.I_3.U_BS:TDO1 (PAD)
  Source Clock:      chipscope_icon_inst/U0/U_ICON/I_YES_BSCAN.U_BS/DRCK1 rising

  Data Path: chipscope_icon_inst/U0/U_ICON/U_TDO_reg to chipscope_icon_inst/U0/U_ICON/I_YES_BSCAN.U_BS/I_SPARTAN3.ISYN.I_USE_SOFTBSCAN_EQ0.I_3.U_BS:TDO1
                                Gate     Net
    Cell:in->out      fanout   Delay   Delay  Logical Name (Net Name)
    ----------------------------------------  ------------
     FDE:C->Q              0   0.591   0.000  U0/U_ICON/U_TDO_reg (U0/U_ICON/iTDO)
    BSCAN_SPARTAN3:TDO1        0.000          U0/U_ICON/I_YES_BSCAN.U_BS/I_SPARTAN3.ISYN.I_USE_SOFTBSCAN_EQ0.I_3.U_BS
    ----------------------------------------
    Total                      0.591ns (0.591ns logic, 0.000ns route)
                                       (100.0% logic, 0.0% route)

=========================================================================
Timing constraint: Default path analysis
  Total number of paths / destination ports: 4 / 4
-------------------------------------------------------------------------
Delay:               5.021ns (Levels of Logic = 2)
  Source:            SW<3> (PAD)
  Destination:       LED<3> (PAD)

  Data Path: SW<3> to LED<3>
                                Gate     Net
    Cell:in->out      fanout   Delay   Delay  Logical Name (Net Name)
    ----------------------------------------  ------------
     IBUF:I->O             3   1.218   0.531  SW_3_IBUF (SW_3_IBUF)
     OBUF:I->O                 3.272          LED_3_OBUF (LED<3>)
    ----------------------------------------
    Total                      5.021ns (4.490ns logic, 0.531ns route)
                                       (89.4% logic, 10.6% route)

=========================================================================


Total REAL time to Xst completion: 37.00 secs
Total CPU time to Xst completion: 8.50 secs
 
--> 


Total memory usage is 672120 kilobytes

Number of errors   :    0 (   0 filtered)
Number of warnings :   79 (   0 filtered)
Number of infos    :    1 (   0 filtered)

