Release 14.7 Map P.20131013 (lin64)
Xilinx Mapping Report File for Design 'top'

Design Information
------------------
Command Line   : map -intstyle ise -p xc3s500e-fg320-4 -cm area -ir off -pr off
-c 100 -o top_map.ncd top.ngd top.pcf 
Target Device  : xc3s500e
Target Package : fg320
Target Speed   : -4
Mapper Version : spartan3e -- $Revision: 1.55 $
Mapped Date    : Sun Oct 26 17:43:03 2025

Design Summary
--------------
Number of errors:      0
Number of warnings:    8
Logic Utilization:
  Number of Slice Flip Flops:           130 out of   9,312    1%
  Number of 4 input LUTs:               232 out of   9,312    2%
Logic Distribution:
  Number of occupied Slices:            150 out of   4,656    3%
    Number of Slices containing only related logic:     150 out of     150 100%
    Number of Slices containing unrelated logic:          0 out of     150   0%
      *See NOTES below for an explanation of the effects of unrelated logic.
  Total Number of 4 input LUTs:         276 out of   9,312    2%
    Number used as logic:               232
    Number used as a route-thru:         44

  The Slice Logic Distribution report is not meaningful if the design is
  over-mapped for a non-slice resource or if Placement fails.

  Number of bonded IOBs:                 18 out of     232    7%
  Number of BUFGMUXs:                     1 out of      24    4%

Average Fanout of Non-Clock Nets:                3.52

Peak Memory Usage:  678 MB
Total REAL time to MAP completion:  1 secs 
Total CPU time to MAP completion:   1 secs 

NOTES:

   Related logic is defined as being logic that shares connectivity - e.g. two
   LUTs are "related" if they share common inputs.  When assembling slices,
   Map gives priority to combine logic that is related.  Doing so results in
   the best timing performance.

   Unrelated logic shares no connectivity.  Map will only begin packing
   unrelated logic into a slice once 99% of the slices are occupied through
   related logic packing.

   Note that once logic distribution reaches the 99% level through related
   logic packing, this does not mean the device is completely utilized.
   Unrelated logic packing will then begin, continuing until all usable LUTs
   and FFs are occupied.  Depending on your timing budget, increased levels of
   unrelated logic packing may adversely affect the overall timing performance
   of your design.

Table of Contents
-----------------
Section 1 - Errors
Section 2 - Warnings
Section 3 - Informational
Section 4 - Removed Logic Summary
Section 5 - Removed Logic
Section 6 - IOB Properties
Section 7 - RPMs
Section 8 - Guide Report
Section 9 - Area Group and Partition Summary
Section 10 - Timing Report
Section 11 - Configuration String Information
Section 12 - Control Set Information
Section 13 - Utilization by Hierarchy

Section 1 - Errors
------------------

Section 2 - Warnings
--------------------
WARNING:Security:42 - Your software subscription period has lapsed. Your current
version of Xilinx tools will continue to function, but you no longer qualify for
Xilinx software updates or new releases.
WARNING:PhysDesignRules:372 - Gated clock. Clock net ethernet_inst/tx_clock is
   sourced by a combinatorial pin. This is not good design practice. Use the CE
   pin to control the loading of data into the flip-flop.
WARNING:PhysDesignRules:367 - The signal <MII_RXD<0>_IBUF> is incomplete. The
   signal does not drive any load pins in the design.
WARNING:PhysDesignRules:367 - The signal <MII_RXD<1>_IBUF> is incomplete. The
   signal does not drive any load pins in the design.
WARNING:PhysDesignRules:367 - The signal <MII_RXD<2>_IBUF> is incomplete. The
   signal does not drive any load pins in the design.
WARNING:PhysDesignRules:367 - The signal <MII_RXD<3>_IBUF> is incomplete. The
   signal does not drive any load pins in the design.
WARNING:PhysDesignRules:367 - The signal <MII_RX_CLK_IBUF> is incomplete. The
   signal does not drive any load pins in the design.
WARNING:PhysDesignRules:367 - The signal <MII_RX_ER_IBUF> is incomplete. The
   signal does not drive any load pins in the design.
WARNING:PhysDesignRules:367 - The signal <MII_RX_DV_IBUF> is incomplete. The
   signal does not drive any load pins in the design.

Section 3 - Informational
-------------------------
INFO:Security:54 - 'xc3s500e' is a WebPack part.
INFO:LIT:243 - Logical network MII_RX_DV_IBUF has no load.
INFO:LIT:395 - The above info message is repeated 6 more times for the following
   (max. 5 shown):
   MII_RX_ER_IBUF,
   MII_RX_CLK_IBUF,
   MII_RXD<3>_IBUF,
   MII_RXD<2>_IBUF,
   MII_RXD<1>_IBUF
   To see the details of these info messages, please use the -detail switch.
INFO:MapLib:562 - No environment variables are currently set.
INFO:LIT:244 - All of the single ended outputs in this design are using slew
   rate limited output drivers. The delay on speed critical single ended outputs
   can be dramatically reduced by designating them as fast outputs.

Section 4 - Removed Logic Summary
---------------------------------
   2 block(s) optimized away

Section 5 - Removed Logic
-------------------------

Optimized Block(s):
TYPE 		BLOCK
GND 		XST_GND
VCC 		XST_VCC

To enable printing of redundant blocks removed and signals merged, set the
detailed map report option and rerun map.

Section 6 - IOB Properties
--------------------------

+---------------------------------------------------------------------------------------------------------------------------------------------------------+
| IOB Name                           | Type             | Direction | IO Standard          | Diff  | Drive    | Slew | Reg (s)      | Resistor | IOB      |
|                                    |                  |           |                      | Term  | Strength | Rate |              |          | Delay    |
+---------------------------------------------------------------------------------------------------------------------------------------------------------+
| MDC                                | IOB              | OUTPUT    | LVCMOS33             |       | 12       | SLOW |              |          | 0 / 0    |
| MDIO                               | IOB              | BIDIR     | LVCMOS33             |       | 12       | SLOW |              |          | 0 / 0    |
| MII_RXD<0>                         | IBUF             | INPUT     | LVCMOS33             |       |          |      |              |          | 0 / 0    |
| MII_RXD<1>                         | IBUF             | INPUT     | LVCMOS33             |       |          |      |              |          | 0 / 0    |
| MII_RXD<2>                         | IBUF             | INPUT     | LVCMOS33             |       |          |      |              |          | 0 / 0    |
| MII_RXD<3>                         | IBUF             | INPUT     | LVCMOS33             |       |          |      |              |          | 0 / 0    |
| MII_RX_CLK                         | IBUF             | INPUT     | LVCMOS33             |       |          |      |              |          | 0 / 0    |
| MII_RX_DV                          | IBUF             | INPUT     | LVCMOS33             |       |          |      |              |          | 0 / 0    |
| MII_RX_ER                          | IBUF             | INPUT     | LVCMOS33             |       |          |      |              |          | 0 / 0    |
| MII_TXD<0>                         | IOB              | OUTPUT    | LVCMOS33             |       | 12       | SLOW |              |          | 0 / 0    |
| MII_TXD<1>                         | IOB              | OUTPUT    | LVCMOS33             |       | 12       | SLOW |              |          | 0 / 0    |
| MII_TXD<2>                         | IOB              | OUTPUT    | LVCMOS33             |       | 12       | SLOW |              |          | 0 / 0    |
| MII_TXD<3>                         | IOB              | OUTPUT    | LVCMOS33             |       | 12       | SLOW |              |          | 0 / 0    |
| MII_TX_CLK                         | IBUF             | INPUT     | LVCMOS33             |       |          |      |              |          | 0 / 0    |
| MII_TX_EN                          | IOB              | OUTPUT    | LVCMOS33             |       | 12       | SLOW |              |          | 0 / 0    |
| i_clk_50mhz                        | IBUF             | INPUT     | LVCMOS33             |       |          |      |              |          | 0 / 0    |
| i_reset_n                          | IBUF             | INPUT     | LVCMOS33             |       |          |      |              |          | 0 / 0    |
| o_phy_reset_n                      | IOB              | OUTPUT    | LVCMOS33             |       | 12       | SLOW |              |          | 0 / 0    |
+---------------------------------------------------------------------------------------------------------------------------------------------------------+

Section 7 - RPMs
----------------

Section 8 - Guide Report
------------------------
Guide not run on this design.

Section 9 - Area Group and Partition Summary
--------------------------------------------

Partition Implementation Status
-------------------------------

  No Partitions were found in this design.

-------------------------------

Area Group Information
----------------------

  No area groups were found in this design.

----------------------

Section 10 - Timing Report
--------------------------
This design was not run using timing mode.

Section 11 - Configuration String Details
-----------------------------------------
Use the "-detail" map option to print out Configuration Strings

Section 12 - Control Set Information
------------------------------------
No control set information for this architecture.

Section 13 - Utilization by Hierarchy
-------------------------------------
Use the "-detail" map option to print out the Utilization by Hierarchy section.
