EN weight_rom NULL /home/ise/ISE_146/ethernet/mlp/weight_rom.vhd sub00/vhpl02 1766411093
AR ethernet_top behavioral /home/ise/ISE_146/ethernet/top.vhd sub00/vhpl09 1766411104
AR main behavioral /home/ise/ISE_146/ethernet/main.vhd sub00/vhpl13 1766411108
EN ethernet_top NULL /home/ise/ISE_146/ethernet/top.vhd sub00/vhpl08 1766411103
EN controller_fsm NULL /home/ise/ISE_146/ethernet/mlp/Controller_FSM.vhd sub00/vhpl00 1766411091
AR mlp behavioral /home/ise/ISE_146/ethernet/mlp/mlp.vhd sub00/vhpl11 1766411106
EN mac_unit NULL /home/ise/ISE_146/ethernet/mlp/MAC_Unit.vhd sub00/vhpl04 1766411095
EN main NULL /home/ise/ISE_146/ethernet/main.vhd sub00/vhpl12 1766411107
EN mlp NULL /home/ise/ISE_146/ethernet/mlp/mlp.vhd sub00/vhpl10 1766411105
EN pingpong_ram NULL /home/ise/ISE_146/ethernet/mlp/PingPong_RAM.vhd sub00/vhpl06 1766411097
AR pingpong_ram behavioral /home/ise/ISE_146/ethernet/mlp/PingPong_RAM.vhd sub00/vhpl07 1766411098
AR mac_unit behavioral /home/ise/ISE_146/ethernet/mlp/MAC_Unit.vhd sub00/vhpl05 1766411096
AR weight_rom behavioral /home/ise/ISE_146/ethernet/mlp/weight_rom.vhd sub00/vhpl03 1766411094
AR controller_fsm behavioral /home/ise/ISE_146/ethernet/mlp/Controller_FSM.vhd sub00/vhpl01 1766411092
