AR led_driver behavioral /home/ise/ISE_146/ethernet/led_driver.vhd sub00/vhpl03 1761561957
EN switch_driver NULL /home/ise/ISE_146/ethernet/switch_driver.vhd sub00/vhpl00 1761561954
AR ila ila_a /home/ise/ISE_146/ethernet/ipcore_dir/ila.vhd sub00/vhpl09 1761561961
AR switch_driver behavioral /home/ise/ISE_146/ethernet/switch_driver.vhd sub00/vhpl01 1761561955
EN con NULL /home/ise/ISE_146/ethernet/ipcore_dir/con.vhd sub00/vhpl06 1761561958
AR con con_a /home/ise/ISE_146/ethernet/ipcore_dir/con.vhd sub00/vhpl07 1761561959
EN top NULL /home/ise/ISE_146/ethernet/top.vhd sub00/vhpl04 1761561962
EN ila NULL /home/ise/ISE_146/ethernet/ipcore_dir/ila.vhd sub00/vhpl08 1761561960
EN led_driver NULL /home/ise/ISE_146/ethernet/led_driver.vhd sub00/vhpl02 1761561956
AR top behavioral /home/ise/ISE_146/ethernet/top.vhd sub00/vhpl05 1761561963
