EN weight_rom NULL /home/ise/ISE_146/ethernet/mlp/weight_rom.vhd sub00/vhpl02 1765689517
AR ethernet_top behavioral /home/ise/ISE_146/ethernet/top.vhd sub00/vhpl09 1765689528
AR main behavioral /home/ise/ISE_146/ethernet/main.vhd sub00/vhpl13 1765689532
EN ethernet_top NULL /home/ise/ISE_146/ethernet/top.vhd sub00/vhpl08 1765689527
EN controller_fsm NULL /home/ise/ISE_146/ethernet/mlp/Controller_FSM.vhd sub00/vhpl00 1765689515
AR mlp behavioral /home/ise/ISE_146/ethernet/mlp/mlp.vhd sub00/vhpl11 1765689530
EN mac_unit NULL /home/ise/ISE_146/ethernet/mlp/MAC_Unit.vhd sub00/vhpl04 1765689519
EN main NULL /home/ise/ISE_146/ethernet/main.vhd sub00/vhpl12 1765689531
EN mlp NULL /home/ise/ISE_146/ethernet/mlp/mlp.vhd sub00/vhpl10 1765689529
EN pingpong_ram NULL /home/ise/ISE_146/ethernet/mlp/PingPong_RAM.vhd sub00/vhpl06 1765689521
AR pingpong_ram behavioral /home/ise/ISE_146/ethernet/mlp/PingPong_RAM.vhd sub00/vhpl07 1765689522
AR mac_unit behavioral /home/ise/ISE_146/ethernet/mlp/MAC_Unit.vhd sub00/vhpl05 1765689520
AR weight_rom behavioral /home/ise/ISE_146/ethernet/mlp/weight_rom.vhd sub00/vhpl03 1765689518
AR controller_fsm behavioral /home/ise/ISE_146/ethernet/mlp/Controller_FSM.vhd sub00/vhpl01 1765689516
