V3 29
FL /home/ise/ISE_146/ethernet/main.vhd 2025/12/15.00:20:00 P.20131013
EN work/main 1765689531 FL /home/ise/ISE_146/ethernet/main.vhd \
      PB ieee/std_logic_1164 1381692176 PB ieee/NUMERIC_STD 1381692181
AR work/main/Behavioral 1765689532 \
      FL /home/ise/ISE_146/ethernet/main.vhd EN work/main 1765689531 \
      CP ethernet_top CP mlp
FL /home/ise/ISE_146/ethernet/mlp/Controller_FSM.vhd 2025/12/14.20:30:28 P.20131013
EN work/Controller_FSM 1765689515 \
      FL /home/ise/ISE_146/ethernet/mlp/Controller_FSM.vhd PB ieee/std_logic_1164 1381692176 \
      PB ieee/NUMERIC_STD 1381692181
AR work/Controller_FSM/Behavioral 1765689516 \
      FL /home/ise/ISE_146/ethernet/mlp/Controller_FSM.vhd EN work/Controller_FSM 1765689515
FL /home/ise/ISE_146/ethernet/mlp/MAC_Unit.vhd 2025/12/14.20:29:56 P.20131013
EN work/MAC_Unit 1765689519 FL /home/ise/ISE_146/ethernet/mlp/MAC_Unit.vhd \
      PB ieee/std_logic_1164 1381692176 PB ieee/NUMERIC_STD 1381692181
AR work/MAC_Unit/Behavioral 1765689520 \
      FL /home/ise/ISE_146/ethernet/mlp/MAC_Unit.vhd EN work/MAC_Unit 1765689519
FL /home/ise/ISE_146/ethernet/mlp/mlp.vhd 2025/12/14.22:17:26 P.20131013
EN work/mlp 1765689529 FL /home/ise/ISE_146/ethernet/mlp/mlp.vhd \
      PB ieee/std_logic_1164 1381692176 PB ieee/NUMERIC_STD 1381692181
AR work/mlp/Behavioral 1765689530 \
      FL /home/ise/ISE_146/ethernet/mlp/mlp.vhd EN work/mlp 1765689529 \
      CP Controller_FSM CP weight_rom CP MAC_Unit CP PingPong_RAM
FL /home/ise/ISE_146/ethernet/mlp/PingPong_RAM.vhd 2025/12/14.20:30:26 P.20131013
EN work/PingPong_RAM 1765689521 \
      FL /home/ise/ISE_146/ethernet/mlp/PingPong_RAM.vhd PB ieee/std_logic_1164 1381692176 \
      PB ieee/NUMERIC_STD 1381692181
AR work/PingPong_RAM/Behavioral 1765689522 \
      FL /home/ise/ISE_146/ethernet/mlp/PingPong_RAM.vhd EN work/PingPong_RAM 1765689521
FL /home/ise/ISE_146/ethernet/mlp/weight_rom.vhd 2025/12/14.22:27:12 P.20131013
EN work/weight_rom 1765689517 FL /home/ise/ISE_146/ethernet/mlp/weight_rom.vhd \
      PB ieee/std_logic_1164 1381692176 PB ieee/NUMERIC_STD 1381692181
AR work/weight_rom/Behavioral 1765689518 \
      FL /home/ise/ISE_146/ethernet/mlp/weight_rom.vhd EN work/weight_rom 1765689517
FL /home/ise/ISE_146/ethernet/top.vhd 2025/12/14.22:52:04 P.20131013
EN work/ethernet_top 1765689527 FL /home/ise/ISE_146/ethernet/top.vhd \
      PB ieee/std_logic_1164 1381692176 PB ieee/NUMERIC_STD 1381692181 \
      LB ethernet_mac PH ethernet_mac/ethernet_types 1765689494 \
      PB ethernet_mac/miim_types 1765689496
AR work/ethernet_top/Behavioral 1765689528 \
      FL /home/ise/ISE_146/ethernet/top.vhd EN work/ethernet_top 1765689527 \
      CP ethernet
